<!doctype html public "-//w3c//dtd html 4.0 transitional//en">
<html><head>
<title>Static Call Graph - [.\Objects\firmware.axf]</title></head>
<body><HR>
<H1>Static Call Graph for image .\Objects\firmware.axf</H1><HR>
<BR><P>#&#060CALLGRAPH&#062# ARM Linker, 5060960: Last Updated: Fri Oct 13 10:37:25 2023
<BR><P>
<H3>Maximum Stack Usage =        144 bytes + Unknown(Cycles, Untraceable Function Pointers)</H3><H3>
Call chain for Maximum Stack Depth:</H3>
__rt_entry_main &rArr; main &rArr; printTime &rArr; __2printf &rArr; _printf_char_file &rArr; _printf_char_common &rArr; __printf
<P>
<H3>
Mutually Recursive functions
</H3> <LI><a href="#[14]">PORT0_COMB_Handler</a>&nbsp;&nbsp;&nbsp;&rArr;&nbsp;&nbsp;&nbsp;<a href="#[14]">PORT0_COMB_Handler</a><BR>
 <LI><a href="#[8]">BusFault_Handler</a>&nbsp;&nbsp;&nbsp;&rArr;&nbsp;&nbsp;&nbsp;<a href="#[8]">BusFault_Handler</a><BR>
 <LI><a href="#[6]">HardFault_Handler</a>&nbsp;&nbsp;&nbsp;&rArr;&nbsp;&nbsp;&nbsp;<a href="#[6]">HardFault_Handler</a><BR>
 <LI><a href="#[7]">MemManage_Handler</a>&nbsp;&nbsp;&nbsp;&rArr;&nbsp;&nbsp;&nbsp;<a href="#[7]">MemManage_Handler</a><BR>
 <LI><a href="#[9]">UsageFault_Handler</a>&nbsp;&nbsp;&nbsp;&rArr;&nbsp;&nbsp;&nbsp;<a href="#[9]">UsageFault_Handler</a><BR>
 <LI><a href="#[61]">UART_SendChar</a>&nbsp;&nbsp;&nbsp;&rArr;&nbsp;&nbsp;&nbsp;<a href="#[61]">UART_SendChar</a><BR>
 <LI><a href="#[48]">_sys_exit</a>&nbsp;&nbsp;&nbsp;&rArr;&nbsp;&nbsp;&nbsp;<a href="#[48]">_sys_exit</a><BR>
</UL>
<P>
<H3>
Function Pointers
</H3><UL>
 <LI><a href="#[8]">BusFault_Handler</a> from gw1ns4c_it.o(i.BusFault_Handler) referenced from startup_gw1ns4c.o(RESET)
 <LI><a href="#[b]">DebugMon_Handler</a> from gw1ns4c_it.o(i.DebugMon_Handler) referenced from startup_gw1ns4c.o(RESET)
 <LI><a href="#[6]">HardFault_Handler</a> from gw1ns4c_it.o(i.HardFault_Handler) referenced from startup_gw1ns4c.o(RESET)
 <LI><a href="#[18]">I2C_Handler</a> from gw1ns4c_it.o(i.I2C_Handler) referenced from startup_gw1ns4c.o(RESET)
 <LI><a href="#[7]">MemManage_Handler</a> from gw1ns4c_it.o(i.MemManage_Handler) referenced from startup_gw1ns4c.o(RESET)
 <LI><a href="#[5]">NMI_Handler</a> from gw1ns4c_it.o(i.NMI_Handler) referenced from startup_gw1ns4c.o(RESET)
 <LI><a href="#[1d]">PORT0_0_Handler</a> from gw1ns4c_it.o(i.PORT0_0_Handler) referenced from startup_gw1ns4c.o(RESET)
 <LI><a href="#[27]">PORT0_10_Handler</a> from gw1ns4c_it.o(i.PORT0_10_Handler) referenced from startup_gw1ns4c.o(RESET)
 <LI><a href="#[28]">PORT0_11_Handler</a> from gw1ns4c_it.o(i.PORT0_11_Handler) referenced from startup_gw1ns4c.o(RESET)
 <LI><a href="#[29]">PORT0_12_Handler</a> from gw1ns4c_it.o(i.PORT0_12_Handler) referenced from startup_gw1ns4c.o(RESET)
 <LI><a href="#[2a]">PORT0_13_Handler</a> from gw1ns4c_it.o(i.PORT0_13_Handler) referenced from startup_gw1ns4c.o(RESET)
 <LI><a href="#[2b]">PORT0_14_Handler</a> from gw1ns4c_it.o(i.PORT0_14_Handler) referenced from startup_gw1ns4c.o(RESET)
 <LI><a href="#[2c]">PORT0_15_Handler</a> from gw1ns4c_it.o(i.PORT0_15_Handler) referenced from startup_gw1ns4c.o(RESET)
 <LI><a href="#[1e]">PORT0_1_Handler</a> from gw1ns4c_it.o(i.PORT0_1_Handler) referenced from startup_gw1ns4c.o(RESET)
 <LI><a href="#[1f]">PORT0_2_Handler</a> from gw1ns4c_it.o(i.PORT0_2_Handler) referenced from startup_gw1ns4c.o(RESET)
 <LI><a href="#[20]">PORT0_3_Handler</a> from gw1ns4c_it.o(i.PORT0_3_Handler) referenced from startup_gw1ns4c.o(RESET)
 <LI><a href="#[21]">PORT0_4_Handler</a> from gw1ns4c_it.o(i.PORT0_4_Handler) referenced from startup_gw1ns4c.o(RESET)
 <LI><a href="#[22]">PORT0_5_Handler</a> from gw1ns4c_it.o(i.PORT0_5_Handler) referenced from startup_gw1ns4c.o(RESET)
 <LI><a href="#[23]">PORT0_6_Handler</a> from gw1ns4c_it.o(i.PORT0_6_Handler) referenced from startup_gw1ns4c.o(RESET)
 <LI><a href="#[24]">PORT0_7_Handler</a> from gw1ns4c_it.o(i.PORT0_7_Handler) referenced from startup_gw1ns4c.o(RESET)
 <LI><a href="#[25]">PORT0_8_Handler</a> from gw1ns4c_it.o(i.PORT0_8_Handler) referenced from startup_gw1ns4c.o(RESET)
 <LI><a href="#[26]">PORT0_9_Handler</a> from gw1ns4c_it.o(i.PORT0_9_Handler) referenced from startup_gw1ns4c.o(RESET)
 <LI><a href="#[14]">PORT0_COMB_Handler</a> from startup_gw1ns4c.o(.text) referenced from startup_gw1ns4c.o(RESET)
 <LI><a href="#[c]">PendSV_Handler</a> from gw1ns4c_it.o(i.PendSV_Handler) referenced from startup_gw1ns4c.o(RESET)
 <LI><a href="#[13]">RTC_Handler</a> from gw1ns4c_it.o(i.RTC_Handler) referenced from startup_gw1ns4c.o(RESET)
 <LI><a href="#[4]">Reset_Handler</a> from startup_gw1ns4c.o(.text) referenced from startup_gw1ns4c.o(RESET)
 <LI><a href="#[a]">SVC_Handler</a> from gw1ns4c_it.o(i.SVC_Handler) referenced from startup_gw1ns4c.o(RESET)
 <LI><a href="#[1c]">Spare15_Handler</a> from startup_gw1ns4c.o(.text) referenced from startup_gw1ns4c.o(RESET)
 <LI><a href="#[d]">SysTick_Handler</a> from systick.o(i.SysTick_Handler) referenced from startup_gw1ns4c.o(RESET)
 <LI><a href="#[2d]">SystemInit</a> from system_gw1ns4c.o(i.SystemInit) referenced from startup_gw1ns4c.o(.text)
 <LI><a href="#[16]">TIMER0_Handler</a> from gw1ns4c_it.o(i.TIMER0_Handler) referenced from startup_gw1ns4c.o(RESET)
 <LI><a href="#[17]">TIMER1_Handler</a> from gw1ns4c_it.o(i.TIMER1_Handler) referenced from startup_gw1ns4c.o(RESET)
 <LI><a href="#[e]">UART0_Handler</a> from gw1ns4c_it.o(i.UART0_Handler) referenced from startup_gw1ns4c.o(RESET)
 <LI><a href="#[10]">UART1_Handler</a> from gw1ns4c_it.o(i.UART1_Handler) referenced from startup_gw1ns4c.o(RESET)
 <LI><a href="#[19]">UARTOVF_Handler</a> from startup_gw1ns4c.o(.text) referenced from startup_gw1ns4c.o(RESET)
 <LI><a href="#[f]">USER_INT0_Handler</a> from gw1ns4c_it.o(i.USER_INT0_Handler) referenced from startup_gw1ns4c.o(RESET)
 <LI><a href="#[11]">USER_INT1_Handler</a> from gw1ns4c_it.o(i.USER_INT1_Handler) referenced from startup_gw1ns4c.o(RESET)
 <LI><a href="#[12]">USER_INT2_Handler</a> from gw1ns4c_it.o(i.USER_INT2_Handler) referenced from startup_gw1ns4c.o(RESET)
 <LI><a href="#[15]">USER_INT3_Handler</a> from gw1ns4c_it.o(i.USER_INT3_Handler) referenced from startup_gw1ns4c.o(RESET)
 <LI><a href="#[1a]">USER_INT4_Handler</a> from gw1ns4c_it.o(i.USER_INT4_Handler) referenced from startup_gw1ns4c.o(RESET)
 <LI><a href="#[1b]">USER_INT5_Handler</a> from gw1ns4c_it.o(i.USER_INT5_Handler) referenced from startup_gw1ns4c.o(RESET)
 <LI><a href="#[9]">UsageFault_Handler</a> from gw1ns4c_it.o(i.UsageFault_Handler) referenced from startup_gw1ns4c.o(RESET)
 <LI><a href="#[31]">__main</a> from __main.o(!!!main) referenced from startup_gw1ns4c.o(.text)
 <LI><a href="#[30]">_printf_input_char</a> from _printf_char_common.o(.text) referenced from _printf_char_common.o(.text)
 <LI><a href="#[2f]">fputc</a> from retarget.o(i.fputc) referenced from _printf_char_file.o(.text)
</UL>
<P>
<H3>
Global Symbols
</H3>
<P><STRONG><a name="[31]"></a>__main</STRONG> (Thumb, 8 bytes, Stack size 0 bytes, __main.o(!!!main))
<BR><BR>[Calls]<UL><LI><a href="#[33]">&gt;&gt;</a>&nbsp;&nbsp;&nbsp;__rt_entry
<LI><a href="#[32]">&gt;&gt;</a>&nbsp;&nbsp;&nbsp;__scatterload
</UL>

<P><STRONG><a name="[32]"></a>__scatterload</STRONG> (Thumb, 0 bytes, Stack size unknown bytes, __scatter.o(!!!scatter))
<BR><BR>[Called By]<UL><LI><a href="#[31]">&gt;&gt;</a>&nbsp;&nbsp;&nbsp;__main
</UL>

<P><STRONG><a name="[34]"></a>__scatterload_rt2</STRONG> (Thumb, 44 bytes, Stack size unknown bytes, __scatter.o(!!!scatter), UNUSED)
<BR><BR>[Calls]<UL><LI><a href="#[33]">&gt;&gt;</a>&nbsp;&nbsp;&nbsp;__rt_entry
</UL>

<P><STRONG><a name="[6c]"></a>__scatterload_rt2_thumb_only</STRONG> (Thumb, 0 bytes, Stack size unknown bytes, __scatter.o(!!!scatter), UNUSED)

<P><STRONG><a name="[6d]"></a>__scatterload_null</STRONG> (Thumb, 0 bytes, Stack size unknown bytes, __scatter.o(!!!scatter), UNUSED)

<P><STRONG><a name="[35]"></a>__scatterload_copy</STRONG> (Thumb, 26 bytes, Stack size unknown bytes, __scatter_copy.o(!!handler_copy), UNUSED)
<BR><BR>[Calls]<UL><LI><a href="#[35]">&gt;&gt;</a>&nbsp;&nbsp;&nbsp;__scatterload_copy
</UL>
<BR>[Called By]<UL><LI><a href="#[35]">&gt;&gt;</a>&nbsp;&nbsp;&nbsp;__scatterload_copy
</UL>

<P><STRONG><a name="[6e]"></a>__scatterload_zeroinit</STRONG> (Thumb, 28 bytes, Stack size unknown bytes, __scatter_zi.o(!!handler_zi), UNUSED)

<P><STRONG><a name="[6f]"></a>_printf_ll</STRONG> (Thumb, 0 bytes, Stack size unknown bytes, _printf_ll.o(.ARM.Collect$$_printf_percent$$00000007))

<P><STRONG><a name="[54]"></a>_printf_percent</STRONG> (Thumb, 0 bytes, Stack size unknown bytes, _printf_percent.o(.ARM.Collect$$_printf_percent$$00000000))
<BR><BR>[Called By]<UL><LI><a href="#[52]">&gt;&gt;</a>&nbsp;&nbsp;&nbsp;__printf
</UL>

<P><STRONG><a name="[36]"></a>_printf_d</STRONG> (Thumb, 0 bytes, Stack size unknown bytes, _printf_d.o(.ARM.Collect$$_printf_percent$$00000009))
<BR><BR>[Stack]<UL><LI>Max Depth = 72 + Unknown Stack Size
<LI>Call Chain = _printf_d &rArr; _printf_int_dec &rArr; _printf_int_common &rArr; _printf_post_padding
</UL>
<BR>[Calls]<UL><LI><a href="#[37]">&gt;&gt;</a>&nbsp;&nbsp;&nbsp;_printf_int_dec
</UL>

<P><STRONG><a name="[38]"></a>_printf_lld</STRONG> (Thumb, 0 bytes, Stack size unknown bytes, _printf_lld.o(.ARM.Collect$$_printf_percent$$0000000E))
<BR><BR>[Stack]<UL><LI>Max Depth = 72 + Unknown Stack Size
<LI>Call Chain = _printf_lld &rArr; _printf_longlong_dec &rArr; _printf_int_common &rArr; _printf_post_padding
</UL>
<BR>[Calls]<UL><LI><a href="#[39]">&gt;&gt;</a>&nbsp;&nbsp;&nbsp;_printf_longlong_dec
</UL>

<P><STRONG><a name="[3a]"></a>_printf_c</STRONG> (Thumb, 0 bytes, Stack size unknown bytes, _printf_c.o(.ARM.Collect$$_printf_percent$$00000013))
<BR><BR>[Stack]<UL><LI>Max Depth = 40 + Unknown Stack Size
<LI>Call Chain = _printf_c &rArr; _printf_char &rArr; _printf_cs_common &rArr; _printf_str &rArr; _printf_post_padding
</UL>
<BR>[Calls]<UL><LI><a href="#[3b]">&gt;&gt;</a>&nbsp;&nbsp;&nbsp;_printf_char
</UL>

<P><STRONG><a name="[3c]"></a>_printf_s</STRONG> (Thumb, 0 bytes, Stack size unknown bytes, _printf_s.o(.ARM.Collect$$_printf_percent$$00000014))
<BR><BR>[Stack]<UL><LI>Max Depth = 40 + Unknown Stack Size
<LI>Call Chain = _printf_s &rArr; _printf_string &rArr; _printf_cs_common &rArr; _printf_str &rArr; _printf_post_padding
</UL>
<BR>[Calls]<UL><LI><a href="#[3d]">&gt;&gt;</a>&nbsp;&nbsp;&nbsp;_printf_string
</UL>

<P><STRONG><a name="[70]"></a>_printf_percent_end</STRONG> (Thumb, 0 bytes, Stack size unknown bytes, _printf_percent_end.o(.ARM.Collect$$_printf_percent$$00000017))

<P><STRONG><a name="[41]"></a>__rt_lib_init</STRONG> (Thumb, 0 bytes, Stack size unknown bytes, libinit.o(.ARM.Collect$$libinit$$00000000))
<BR><BR>[Called By]<UL><LI><a href="#[40]">&gt;&gt;</a>&nbsp;&nbsp;&nbsp;__rt_entry_li
</UL>

<P><STRONG><a name="[71]"></a>__rt_lib_init_alloca_1</STRONG> (Thumb, 0 bytes, Stack size unknown bytes, libinit2.o(.ARM.Collect$$libinit$$0000002E))

<P><STRONG><a name="[72]"></a>__rt_lib_init_argv_1</STRONG> (Thumb, 0 bytes, Stack size unknown bytes, libinit2.o(.ARM.Collect$$libinit$$0000002C))

<P><STRONG><a name="[73]"></a>__rt_lib_init_atexit_1</STRONG> (Thumb, 0 bytes, Stack size unknown bytes, libinit2.o(.ARM.Collect$$libinit$$0000001B))

<P><STRONG><a name="[74]"></a>__rt_lib_init_clock_1</STRONG> (Thumb, 0 bytes, Stack size unknown bytes, libinit2.o(.ARM.Collect$$libinit$$00000021))

<P><STRONG><a name="[75]"></a>__rt_lib_init_cpp_1</STRONG> (Thumb, 0 bytes, Stack size unknown bytes, libinit2.o(.ARM.Collect$$libinit$$00000032))

<P><STRONG><a name="[76]"></a>__rt_lib_init_exceptions_1</STRONG> (Thumb, 0 bytes, Stack size unknown bytes, libinit2.o(.ARM.Collect$$libinit$$00000030))

<P><STRONG><a name="[77]"></a>__rt_lib_init_fp_1</STRONG> (Thumb, 0 bytes, Stack size unknown bytes, libinit2.o(.ARM.Collect$$libinit$$00000002))

<P><STRONG><a name="[78]"></a>__rt_lib_init_fp_trap_1</STRONG> (Thumb, 0 bytes, Stack size unknown bytes, libinit2.o(.ARM.Collect$$libinit$$0000001F))

<P><STRONG><a name="[79]"></a>__rt_lib_init_getenv_1</STRONG> (Thumb, 0 bytes, Stack size unknown bytes, libinit2.o(.ARM.Collect$$libinit$$00000023))

<P><STRONG><a name="[7a]"></a>__rt_lib_init_heap_1</STRONG> (Thumb, 0 bytes, Stack size unknown bytes, libinit2.o(.ARM.Collect$$libinit$$0000000A))

<P><STRONG><a name="[7b]"></a>__rt_lib_init_lc_collate_1</STRONG> (Thumb, 0 bytes, Stack size unknown bytes, libinit2.o(.ARM.Collect$$libinit$$00000011))

<P><STRONG><a name="[7c]"></a>__rt_lib_init_lc_ctype_1</STRONG> (Thumb, 0 bytes, Stack size unknown bytes, libinit2.o(.ARM.Collect$$libinit$$00000013))

<P><STRONG><a name="[7d]"></a>__rt_lib_init_lc_monetary_1</STRONG> (Thumb, 0 bytes, Stack size unknown bytes, libinit2.o(.ARM.Collect$$libinit$$00000015))

<P><STRONG><a name="[7e]"></a>__rt_lib_init_lc_numeric_1</STRONG> (Thumb, 0 bytes, Stack size unknown bytes, libinit2.o(.ARM.Collect$$libinit$$00000017))

<P><STRONG><a name="[7f]"></a>__rt_lib_init_lc_time_1</STRONG> (Thumb, 0 bytes, Stack size unknown bytes, libinit2.o(.ARM.Collect$$libinit$$00000019))

<P><STRONG><a name="[80]"></a>__rt_lib_init_preinit_1</STRONG> (Thumb, 0 bytes, Stack size unknown bytes, libinit2.o(.ARM.Collect$$libinit$$00000004))

<P><STRONG><a name="[81]"></a>__rt_lib_init_rand_1</STRONG> (Thumb, 0 bytes, Stack size unknown bytes, libinit2.o(.ARM.Collect$$libinit$$0000000E))

<P><STRONG><a name="[82]"></a>__rt_lib_init_return</STRONG> (Thumb, 0 bytes, Stack size unknown bytes, libinit2.o(.ARM.Collect$$libinit$$00000033))

<P><STRONG><a name="[83]"></a>__rt_lib_init_signal_1</STRONG> (Thumb, 0 bytes, Stack size unknown bytes, libinit2.o(.ARM.Collect$$libinit$$0000001D))

<P><STRONG><a name="[84]"></a>__rt_lib_init_stdio_1</STRONG> (Thumb, 0 bytes, Stack size unknown bytes, libinit2.o(.ARM.Collect$$libinit$$00000025))

<P><STRONG><a name="[85]"></a>__rt_lib_init_user_alloc_1</STRONG> (Thumb, 0 bytes, Stack size unknown bytes, libinit2.o(.ARM.Collect$$libinit$$0000000C))

<P><STRONG><a name="[46]"></a>__rt_lib_shutdown</STRONG> (Thumb, 0 bytes, Stack size unknown bytes, libshutdown.o(.ARM.Collect$$libshutdown$$00000000))
<BR><BR>[Called By]<UL><LI><a href="#[45]">&gt;&gt;</a>&nbsp;&nbsp;&nbsp;__rt_exit_ls
</UL>

<P><STRONG><a name="[86]"></a>__rt_lib_shutdown_cpp_1</STRONG> (Thumb, 0 bytes, Stack size unknown bytes, libshutdown2.o(.ARM.Collect$$libshutdown$$00000004))

<P><STRONG><a name="[87]"></a>__rt_lib_shutdown_fini_1</STRONG> (Thumb, 0 bytes, Stack size unknown bytes, libshutdown2.o(.ARM.Collect$$libshutdown$$00000002))

<P><STRONG><a name="[88]"></a>__rt_lib_shutdown_fp_trap_1</STRONG> (Thumb, 0 bytes, Stack size unknown bytes, libshutdown2.o(.ARM.Collect$$libshutdown$$00000009))

<P><STRONG><a name="[89]"></a>__rt_lib_shutdown_heap_1</STRONG> (Thumb, 0 bytes, Stack size unknown bytes, libshutdown2.o(.ARM.Collect$$libshutdown$$00000011))

<P><STRONG><a name="[8a]"></a>__rt_lib_shutdown_return</STRONG> (Thumb, 0 bytes, Stack size unknown bytes, libshutdown2.o(.ARM.Collect$$libshutdown$$00000012))

<P><STRONG><a name="[8b]"></a>__rt_lib_shutdown_signal_1</STRONG> (Thumb, 0 bytes, Stack size unknown bytes, libshutdown2.o(.ARM.Collect$$libshutdown$$0000000C))

<P><STRONG><a name="[8c]"></a>__rt_lib_shutdown_stdio_1</STRONG> (Thumb, 0 bytes, Stack size unknown bytes, libshutdown2.o(.ARM.Collect$$libshutdown$$00000006))

<P><STRONG><a name="[8d]"></a>__rt_lib_shutdown_user_alloc_1</STRONG> (Thumb, 0 bytes, Stack size unknown bytes, libshutdown2.o(.ARM.Collect$$libshutdown$$0000000E))

<P><STRONG><a name="[33]"></a>__rt_entry</STRONG> (Thumb, 0 bytes, Stack size unknown bytes, __rtentry.o(.ARM.Collect$$rtentry$$00000000))
<BR><BR>[Called By]<UL><LI><a href="#[31]">&gt;&gt;</a>&nbsp;&nbsp;&nbsp;__main
<LI><a href="#[34]">&gt;&gt;</a>&nbsp;&nbsp;&nbsp;__scatterload_rt2
</UL>

<P><STRONG><a name="[8e]"></a>__rt_entry_presh_1</STRONG> (Thumb, 0 bytes, Stack size unknown bytes, __rtentry2.o(.ARM.Collect$$rtentry$$00000002))

<P><STRONG><a name="[3e]"></a>__rt_entry_sh</STRONG> (Thumb, 0 bytes, Stack size unknown bytes, __rtentry4.o(.ARM.Collect$$rtentry$$00000004))
<BR><BR>[Stack]<UL><LI>Max Depth = 8 + Unknown Stack Size
<LI>Call Chain = __rt_entry_sh &rArr; __user_setup_stackheap
</UL>
<BR>[Calls]<UL><LI><a href="#[3f]">&gt;&gt;</a>&nbsp;&nbsp;&nbsp;__user_setup_stackheap
</UL>

<P><STRONG><a name="[40]"></a>__rt_entry_li</STRONG> (Thumb, 0 bytes, Stack size unknown bytes, __rtentry2.o(.ARM.Collect$$rtentry$$0000000A))
<BR><BR>[Calls]<UL><LI><a href="#[41]">&gt;&gt;</a>&nbsp;&nbsp;&nbsp;__rt_lib_init
</UL>

<P><STRONG><a name="[8f]"></a>__rt_entry_postsh_1</STRONG> (Thumb, 0 bytes, Stack size unknown bytes, __rtentry2.o(.ARM.Collect$$rtentry$$00000009))

<P><STRONG><a name="[42]"></a>__rt_entry_main</STRONG> (Thumb, 0 bytes, Stack size unknown bytes, __rtentry2.o(.ARM.Collect$$rtentry$$0000000D))
<BR><BR>[Stack]<UL><LI>Max Depth = 144 + Unknown Stack Size
<LI>Call Chain = __rt_entry_main &rArr; main &rArr; printTime &rArr; __2printf &rArr; _printf_char_file &rArr; _printf_char_common &rArr; __printf
</UL>
<BR>[Calls]<UL><LI><a href="#[44]">&gt;&gt;</a>&nbsp;&nbsp;&nbsp;exit
<LI><a href="#[43]">&gt;&gt;</a>&nbsp;&nbsp;&nbsp;main
</UL>

<P><STRONG><a name="[90]"></a>__rt_entry_postli_1</STRONG> (Thumb, 0 bytes, Stack size unknown bytes, __rtentry2.o(.ARM.Collect$$rtentry$$0000000C))

<P><STRONG><a name="[5a]"></a>__rt_exit</STRONG> (Thumb, 0 bytes, Stack size unknown bytes, rtexit.o(.ARM.Collect$$rtexit$$00000000))
<BR><BR>[Called By]<UL><LI><a href="#[44]">&gt;&gt;</a>&nbsp;&nbsp;&nbsp;exit
</UL>

<P><STRONG><a name="[45]"></a>__rt_exit_ls</STRONG> (Thumb, 0 bytes, Stack size unknown bytes, rtexit2.o(.ARM.Collect$$rtexit$$00000003))
<BR><BR>[Calls]<UL><LI><a href="#[46]">&gt;&gt;</a>&nbsp;&nbsp;&nbsp;__rt_lib_shutdown
</UL>

<P><STRONG><a name="[91]"></a>__rt_exit_prels_1</STRONG> (Thumb, 0 bytes, Stack size unknown bytes, rtexit2.o(.ARM.Collect$$rtexit$$00000002))

<P><STRONG><a name="[47]"></a>__rt_exit_exit</STRONG> (Thumb, 0 bytes, Stack size unknown bytes, rtexit2.o(.ARM.Collect$$rtexit$$00000004))
<BR><BR>[Calls]<UL><LI><a href="#[48]">&gt;&gt;</a>&nbsp;&nbsp;&nbsp;_sys_exit
</UL>

<P><STRONG><a name="[4]"></a>Reset_Handler</STRONG> (Thumb, 8 bytes, Stack size 0 bytes, startup_gw1ns4c.o(.text))
<BR>[Address Reference Count : 1]<UL><LI> startup_gw1ns4c.o(RESET)
</UL>
<P><STRONG><a name="[14]"></a>PORT0_COMB_Handler</STRONG> (Thumb, 0 bytes, Stack size 0 bytes, startup_gw1ns4c.o(.text))
<BR><BR>[Calls]<UL><LI><a href="#[14]">&gt;&gt;</a>&nbsp;&nbsp;&nbsp;PORT0_COMB_Handler
</UL>
<BR>[Called By]<UL><LI><a href="#[14]">&gt;&gt;</a>&nbsp;&nbsp;&nbsp;PORT0_COMB_Handler
</UL>
<BR>[Address Reference Count : 1]<UL><LI> startup_gw1ns4c.o(RESET)
</UL>
<P><STRONG><a name="[1c]"></a>Spare15_Handler</STRONG> (Thumb, 0 bytes, Stack size 0 bytes, startup_gw1ns4c.o(.text))
<BR>[Address Reference Count : 1]<UL><LI> startup_gw1ns4c.o(RESET)
</UL>
<P><STRONG><a name="[19]"></a>UARTOVF_Handler</STRONG> (Thumb, 0 bytes, Stack size 0 bytes, startup_gw1ns4c.o(.text))
<BR>[Address Reference Count : 1]<UL><LI> startup_gw1ns4c.o(RESET)
</UL>
<P><STRONG><a name="[59]"></a>__user_initial_stackheap</STRONG> (Thumb, 10 bytes, Stack size 0 bytes, startup_gw1ns4c.o(.text))
<BR><BR>[Called By]<UL><LI><a href="#[3f]">&gt;&gt;</a>&nbsp;&nbsp;&nbsp;__user_setup_stackheap
</UL>

<P><STRONG><a name="[92]"></a>__I$use$semihosting</STRONG> (Thumb, 0 bytes, Stack size 0 bytes, use_no_semi.o(.text), UNUSED)

<P><STRONG><a name="[93]"></a>__use_no_semihosting_swi</STRONG> (Thumb, 2 bytes, Stack size 0 bytes, use_no_semi.o(.text), UNUSED)

<P><STRONG><a name="[66]"></a>__aeabi_ldivmod</STRONG> (Thumb, 0 bytes, Stack size 8 bytes, llsdiv.o(.text))
<BR><BR>[Stack]<UL><LI>Max Depth = 8<LI>Call Chain = __aeabi_ldivmod
</UL>
<BR>[Called By]<UL><LI><a href="#[65]">&gt;&gt;</a>&nbsp;&nbsp;&nbsp;getRunTime
</UL>

<P><STRONG><a name="[49]"></a>_ll_sdiv</STRONG> (Thumb, 72 bytes, Stack size 8 bytes, llsdiv.o(.text), UNUSED)
<BR><BR>[Calls]<UL><LI><a href="#[4a]">&gt;&gt;</a>&nbsp;&nbsp;&nbsp;__aeabi_uldivmod
</UL>

<P><STRONG><a name="[4b]"></a>__2printf</STRONG> (Thumb, 20 bytes, Stack size 24 bytes, noretval__2printf.o(.text))
<BR><BR>[Stack]<UL><LI>Max Depth = 136 + Unknown Stack Size
<LI>Call Chain = __2printf &rArr; _printf_char_file &rArr; _printf_char_common &rArr; __printf
</UL>
<BR>[Calls]<UL><LI><a href="#[4c]">&gt;&gt;</a>&nbsp;&nbsp;&nbsp;_printf_char_file
</UL>
<BR>[Called By]<UL><LI><a href="#[6b]">&gt;&gt;</a>&nbsp;&nbsp;&nbsp;printTime
<LI><a href="#[69]">&gt;&gt;</a>&nbsp;&nbsp;&nbsp;printBender
<LI><a href="#[43]">&gt;&gt;</a>&nbsp;&nbsp;&nbsp;main
</UL>

<P><STRONG><a name="[4e]"></a>_printf_pre_padding</STRONG> (Thumb, 44 bytes, Stack size 16 bytes, _printf_pad.o(.text))
<BR><BR>[Stack]<UL><LI>Max Depth = 16<LI>Call Chain = _printf_pre_padding
</UL>
<BR>[Called By]<UL><LI><a href="#[50]">&gt;&gt;</a>&nbsp;&nbsp;&nbsp;_printf_int_common
<LI><a href="#[4d]">&gt;&gt;</a>&nbsp;&nbsp;&nbsp;_printf_str
</UL>

<P><STRONG><a name="[4f]"></a>_printf_post_padding</STRONG> (Thumb, 34 bytes, Stack size 16 bytes, _printf_pad.o(.text))
<BR><BR>[Stack]<UL><LI>Max Depth = 16<LI>Call Chain = _printf_post_padding
</UL>
<BR>[Called By]<UL><LI><a href="#[50]">&gt;&gt;</a>&nbsp;&nbsp;&nbsp;_printf_int_common
<LI><a href="#[4d]">&gt;&gt;</a>&nbsp;&nbsp;&nbsp;_printf_str
</UL>

<P><STRONG><a name="[4d]"></a>_printf_str</STRONG> (Thumb, 82 bytes, Stack size 16 bytes, _printf_str.o(.text))
<BR><BR>[Stack]<UL><LI>Max Depth = 32<LI>Call Chain = _printf_str &rArr; _printf_post_padding
</UL>
<BR>[Calls]<UL><LI><a href="#[4f]">&gt;&gt;</a>&nbsp;&nbsp;&nbsp;_printf_post_padding
<LI><a href="#[4e]">&gt;&gt;</a>&nbsp;&nbsp;&nbsp;_printf_pre_padding
</UL>
<BR>[Called By]<UL><LI><a href="#[55]">&gt;&gt;</a>&nbsp;&nbsp;&nbsp;_printf_cs_common
</UL>

<P><STRONG><a name="[37]"></a>_printf_int_dec</STRONG> (Thumb, 104 bytes, Stack size 24 bytes, _printf_dec.o(.text))
<BR><BR>[Stack]<UL><LI>Max Depth = 72<LI>Call Chain = _printf_int_dec &rArr; _printf_int_common &rArr; _printf_post_padding
</UL>
<BR>[Calls]<UL><LI><a href="#[50]">&gt;&gt;</a>&nbsp;&nbsp;&nbsp;_printf_int_common
</UL>
<BR>[Called By]<UL><LI><a href="#[36]">&gt;&gt;</a>&nbsp;&nbsp;&nbsp;_printf_d
</UL>

<P><STRONG><a name="[39]"></a>_printf_longlong_dec</STRONG> (Thumb, 108 bytes, Stack size 24 bytes, _printf_longlong_dec.o(.text))
<BR><BR>[Stack]<UL><LI>Max Depth = 72<LI>Call Chain = _printf_longlong_dec &rArr; _printf_int_common &rArr; _printf_post_padding
</UL>
<BR>[Calls]<UL><LI><a href="#[50]">&gt;&gt;</a>&nbsp;&nbsp;&nbsp;_printf_int_common
<LI><a href="#[51]">&gt;&gt;</a>&nbsp;&nbsp;&nbsp;_ll_udiv10
</UL>
<BR>[Called By]<UL><LI><a href="#[38]">&gt;&gt;</a>&nbsp;&nbsp;&nbsp;_printf_lld
</UL>

<P><STRONG><a name="[52]"></a>__printf</STRONG> (Thumb, 352 bytes, Stack size 32 bytes, __printf_ss_wp.o(.text))
<BR><BR>[Stack]<UL><LI>Max Depth = 32 + Unknown Stack Size
<LI>Call Chain = __printf
</UL>
<BR>[Calls]<UL><LI><a href="#[54]">&gt;&gt;</a>&nbsp;&nbsp;&nbsp;_printf_percent
<LI><a href="#[53]">&gt;&gt;</a>&nbsp;&nbsp;&nbsp;_is_digit
</UL>
<BR>[Called By]<UL><LI><a href="#[56]">&gt;&gt;</a>&nbsp;&nbsp;&nbsp;_printf_char_common
</UL>

<P><STRONG><a name="[94]"></a>__use_two_region_memory</STRONG> (Thumb, 2 bytes, Stack size 0 bytes, heapauxi.o(.text), UNUSED)

<P><STRONG><a name="[95]"></a>__rt_heap_escrow$2region</STRONG> (Thumb, 2 bytes, Stack size 0 bytes, heapauxi.o(.text), UNUSED)

<P><STRONG><a name="[96]"></a>__rt_heap_expand$2region</STRONG> (Thumb, 2 bytes, Stack size 0 bytes, heapauxi.o(.text), UNUSED)

<P><STRONG><a name="[4a]"></a>__aeabi_uldivmod</STRONG> (Thumb, 0 bytes, Stack size 48 bytes, lludivv7m.o(.text), UNUSED)
<BR><BR>[Called By]<UL><LI><a href="#[49]">&gt;&gt;</a>&nbsp;&nbsp;&nbsp;_ll_sdiv
</UL>

<P><STRONG><a name="[97]"></a>_ll_udiv</STRONG> (Thumb, 238 bytes, Stack size 48 bytes, lludivv7m.o(.text), UNUSED)

<P><STRONG><a name="[51]"></a>_ll_udiv10</STRONG> (Thumb, 138 bytes, Stack size 12 bytes, lludiv10.o(.text))
<BR><BR>[Stack]<UL><LI>Max Depth = 12<LI>Call Chain = _ll_udiv10
</UL>
<BR>[Called By]<UL><LI><a href="#[39]">&gt;&gt;</a>&nbsp;&nbsp;&nbsp;_printf_longlong_dec
</UL>

<P><STRONG><a name="[50]"></a>_printf_int_common</STRONG> (Thumb, 178 bytes, Stack size 32 bytes, _printf_intcommon.o(.text))
<BR><BR>[Stack]<UL><LI>Max Depth = 48<LI>Call Chain = _printf_int_common &rArr; _printf_post_padding
</UL>
<BR>[Calls]<UL><LI><a href="#[4f]">&gt;&gt;</a>&nbsp;&nbsp;&nbsp;_printf_post_padding
<LI><a href="#[4e]">&gt;&gt;</a>&nbsp;&nbsp;&nbsp;_printf_pre_padding
</UL>
<BR>[Called By]<UL><LI><a href="#[39]">&gt;&gt;</a>&nbsp;&nbsp;&nbsp;_printf_longlong_dec
<LI><a href="#[37]">&gt;&gt;</a>&nbsp;&nbsp;&nbsp;_printf_int_dec
</UL>

<P><STRONG><a name="[55]"></a>_printf_cs_common</STRONG> (Thumb, 20 bytes, Stack size 8 bytes, _printf_char.o(.text))
<BR><BR>[Stack]<UL><LI>Max Depth = 40<LI>Call Chain = _printf_cs_common &rArr; _printf_str &rArr; _printf_post_padding
</UL>
<BR>[Calls]<UL><LI><a href="#[4d]">&gt;&gt;</a>&nbsp;&nbsp;&nbsp;_printf_str
</UL>
<BR>[Called By]<UL><LI><a href="#[3d]">&gt;&gt;</a>&nbsp;&nbsp;&nbsp;_printf_string
<LI><a href="#[3b]">&gt;&gt;</a>&nbsp;&nbsp;&nbsp;_printf_char
</UL>

<P><STRONG><a name="[3b]"></a>_printf_char</STRONG> (Thumb, 16 bytes, Stack size 0 bytes, _printf_char.o(.text))
<BR><BR>[Stack]<UL><LI>Max Depth = 40<LI>Call Chain = _printf_char &rArr; _printf_cs_common &rArr; _printf_str &rArr; _printf_post_padding
</UL>
<BR>[Calls]<UL><LI><a href="#[55]">&gt;&gt;</a>&nbsp;&nbsp;&nbsp;_printf_cs_common
</UL>
<BR>[Called By]<UL><LI><a href="#[3a]">&gt;&gt;</a>&nbsp;&nbsp;&nbsp;_printf_c
</UL>

<P><STRONG><a name="[3d]"></a>_printf_string</STRONG> (Thumb, 8 bytes, Stack size 0 bytes, _printf_char.o(.text))
<BR><BR>[Stack]<UL><LI>Max Depth = 40<LI>Call Chain = _printf_string &rArr; _printf_cs_common &rArr; _printf_str &rArr; _printf_post_padding
</UL>
<BR>[Calls]<UL><LI><a href="#[55]">&gt;&gt;</a>&nbsp;&nbsp;&nbsp;_printf_cs_common
</UL>
<BR>[Called By]<UL><LI><a href="#[3c]">&gt;&gt;</a>&nbsp;&nbsp;&nbsp;_printf_s
</UL>

<P><STRONG><a name="[4c]"></a>_printf_char_file</STRONG> (Thumb, 32 bytes, Stack size 16 bytes, _printf_char_file.o(.text))
<BR><BR>[Stack]<UL><LI>Max Depth = 112 + Unknown Stack Size
<LI>Call Chain = _printf_char_file &rArr; _printf_char_common &rArr; __printf
</UL>
<BR>[Calls]<UL><LI><a href="#[57]">&gt;&gt;</a>&nbsp;&nbsp;&nbsp;ferror
<LI><a href="#[56]">&gt;&gt;</a>&nbsp;&nbsp;&nbsp;_printf_char_common
</UL>
<BR>[Called By]<UL><LI><a href="#[4b]">&gt;&gt;</a>&nbsp;&nbsp;&nbsp;__2printf
</UL>

<P><STRONG><a name="[56]"></a>_printf_char_common</STRONG> (Thumb, 32 bytes, Stack size 64 bytes, _printf_char_common.o(.text))
<BR><BR>[Stack]<UL><LI>Max Depth = 96 + Unknown Stack Size
<LI>Call Chain = _printf_char_common &rArr; __printf
</UL>
<BR>[Calls]<UL><LI><a href="#[52]">&gt;&gt;</a>&nbsp;&nbsp;&nbsp;__printf
</UL>
<BR>[Called By]<UL><LI><a href="#[4c]">&gt;&gt;</a>&nbsp;&nbsp;&nbsp;_printf_char_file
</UL>

<P><STRONG><a name="[57]"></a>ferror</STRONG> (Thumb, 8 bytes, Stack size 0 bytes, ferror.o(.text))
<BR><BR>[Called By]<UL><LI><a href="#[4c]">&gt;&gt;</a>&nbsp;&nbsp;&nbsp;_printf_char_file
</UL>

<P><STRONG><a name="[3f]"></a>__user_setup_stackheap</STRONG> (Thumb, 74 bytes, Stack size 8 bytes, sys_stackheap_outer.o(.text))
<BR><BR>[Stack]<UL><LI>Max Depth = 8<LI>Call Chain = __user_setup_stackheap
</UL>
<BR>[Calls]<UL><LI><a href="#[59]">&gt;&gt;</a>&nbsp;&nbsp;&nbsp;__user_initial_stackheap
<LI><a href="#[58]">&gt;&gt;</a>&nbsp;&nbsp;&nbsp;__user_perproc_libspace
</UL>
<BR>[Called By]<UL><LI><a href="#[3e]">&gt;&gt;</a>&nbsp;&nbsp;&nbsp;__rt_entry_sh
</UL>

<P><STRONG><a name="[44]"></a>exit</STRONG> (Thumb, 18 bytes, Stack size 8 bytes, exit.o(.text))
<BR><BR>[Stack]<UL><LI>Max Depth = 8 + Unknown Stack Size
<LI>Call Chain = exit
</UL>
<BR>[Calls]<UL><LI><a href="#[5a]">&gt;&gt;</a>&nbsp;&nbsp;&nbsp;__rt_exit
</UL>
<BR>[Called By]<UL><LI><a href="#[42]">&gt;&gt;</a>&nbsp;&nbsp;&nbsp;__rt_entry_main
</UL>

<P><STRONG><a name="[98]"></a>__user_libspace</STRONG> (Thumb, 8 bytes, Stack size 0 bytes, libspace.o(.text), UNUSED)

<P><STRONG><a name="[58]"></a>__user_perproc_libspace</STRONG> (Thumb, 0 bytes, Stack size 0 bytes, libspace.o(.text))
<BR><BR>[Called By]<UL><LI><a href="#[3f]">&gt;&gt;</a>&nbsp;&nbsp;&nbsp;__user_setup_stackheap
</UL>

<P><STRONG><a name="[99]"></a>__user_perthread_libspace</STRONG> (Thumb, 0 bytes, Stack size 0 bytes, libspace.o(.text), UNUSED)

<P><STRONG><a name="[8]"></a>BusFault_Handler</STRONG> (Thumb, 2 bytes, Stack size 0 bytes, gw1ns4c_it.o(i.BusFault_Handler))
<BR><BR>[Calls]<UL><LI><a href="#[8]">&gt;&gt;</a>&nbsp;&nbsp;&nbsp;BusFault_Handler
</UL>
<BR>[Called By]<UL><LI><a href="#[8]">&gt;&gt;</a>&nbsp;&nbsp;&nbsp;BusFault_Handler
</UL>
<BR>[Address Reference Count : 1]<UL><LI> startup_gw1ns4c.o(RESET)
</UL>
<P><STRONG><a name="[b]"></a>DebugMon_Handler</STRONG> (Thumb, 2 bytes, Stack size 0 bytes, gw1ns4c_it.o(i.DebugMon_Handler))
<BR>[Address Reference Count : 1]<UL><LI> startup_gw1ns4c.o(RESET)
</UL>
<P><STRONG><a name="[5b]"></a>GPIOInit</STRONG> (Thumb, 36 bytes, Stack size 16 bytes, main.o(i.GPIOInit))
<BR><BR>[Stack]<UL><LI>Max Depth = 32<LI>Call Chain = GPIOInit &rArr; GPIO_Init
</UL>
<BR>[Calls]<UL><LI><a href="#[5d]">&gt;&gt;</a>&nbsp;&nbsp;&nbsp;GPIO_SetBit
<LI><a href="#[5c]">&gt;&gt;</a>&nbsp;&nbsp;&nbsp;GPIO_Init
</UL>
<BR>[Called By]<UL><LI><a href="#[43]">&gt;&gt;</a>&nbsp;&nbsp;&nbsp;main
</UL>

<P><STRONG><a name="[5c]"></a>GPIO_Init</STRONG> (Thumb, 180 bytes, Stack size 16 bytes, gw1ns4c_gpio.o(i.GPIO_Init))
<BR><BR>[Stack]<UL><LI>Max Depth = 16<LI>Call Chain = GPIO_Init
</UL>
<BR>[Called By]<UL><LI><a href="#[5b]">&gt;&gt;</a>&nbsp;&nbsp;&nbsp;GPIOInit
</UL>

<P><STRONG><a name="[6a]"></a>GPIO_ResetBit</STRONG> (Thumb, 8 bytes, Stack size 0 bytes, gw1ns4c_gpio.o(i.GPIO_ResetBit))
<BR><BR>[Called By]<UL><LI><a href="#[43]">&gt;&gt;</a>&nbsp;&nbsp;&nbsp;main
</UL>

<P><STRONG><a name="[5d]"></a>GPIO_SetBit</STRONG> (Thumb, 8 bytes, Stack size 0 bytes, gw1ns4c_gpio.o(i.GPIO_SetBit))
<BR><BR>[Called By]<UL><LI><a href="#[43]">&gt;&gt;</a>&nbsp;&nbsp;&nbsp;main
<LI><a href="#[5b]">&gt;&gt;</a>&nbsp;&nbsp;&nbsp;GPIOInit
</UL>

<P><STRONG><a name="[6]"></a>HardFault_Handler</STRONG> (Thumb, 2 bytes, Stack size 0 bytes, gw1ns4c_it.o(i.HardFault_Handler))
<BR><BR>[Calls]<UL><LI><a href="#[6]">&gt;&gt;</a>&nbsp;&nbsp;&nbsp;HardFault_Handler
</UL>
<BR>[Called By]<UL><LI><a href="#[6]">&gt;&gt;</a>&nbsp;&nbsp;&nbsp;HardFault_Handler
</UL>
<BR>[Address Reference Count : 1]<UL><LI> startup_gw1ns4c.o(RESET)
</UL>
<P><STRONG><a name="[18]"></a>I2C_Handler</STRONG> (Thumb, 2 bytes, Stack size 0 bytes, gw1ns4c_it.o(i.I2C_Handler))
<BR>[Address Reference Count : 1]<UL><LI> startup_gw1ns4c.o(RESET)
</UL>
<P><STRONG><a name="[7]"></a>MemManage_Handler</STRONG> (Thumb, 2 bytes, Stack size 0 bytes, gw1ns4c_it.o(i.MemManage_Handler))
<BR><BR>[Calls]<UL><LI><a href="#[7]">&gt;&gt;</a>&nbsp;&nbsp;&nbsp;MemManage_Handler
</UL>
<BR>[Called By]<UL><LI><a href="#[7]">&gt;&gt;</a>&nbsp;&nbsp;&nbsp;MemManage_Handler
</UL>
<BR>[Address Reference Count : 1]<UL><LI> startup_gw1ns4c.o(RESET)
</UL>
<P><STRONG><a name="[5]"></a>NMI_Handler</STRONG> (Thumb, 2 bytes, Stack size 0 bytes, gw1ns4c_it.o(i.NMI_Handler))
<BR>[Address Reference Count : 1]<UL><LI> startup_gw1ns4c.o(RESET)
</UL>
<P><STRONG><a name="[1d]"></a>PORT0_0_Handler</STRONG> (Thumb, 2 bytes, Stack size 0 bytes, gw1ns4c_it.o(i.PORT0_0_Handler))
<BR>[Address Reference Count : 1]<UL><LI> startup_gw1ns4c.o(RESET)
</UL>
<P><STRONG><a name="[27]"></a>PORT0_10_Handler</STRONG> (Thumb, 2 bytes, Stack size 0 bytes, gw1ns4c_it.o(i.PORT0_10_Handler))
<BR>[Address Reference Count : 1]<UL><LI> startup_gw1ns4c.o(RESET)
</UL>
<P><STRONG><a name="[28]"></a>PORT0_11_Handler</STRONG> (Thumb, 2 bytes, Stack size 0 bytes, gw1ns4c_it.o(i.PORT0_11_Handler))
<BR>[Address Reference Count : 1]<UL><LI> startup_gw1ns4c.o(RESET)
</UL>
<P><STRONG><a name="[29]"></a>PORT0_12_Handler</STRONG> (Thumb, 2 bytes, Stack size 0 bytes, gw1ns4c_it.o(i.PORT0_12_Handler))
<BR>[Address Reference Count : 1]<UL><LI> startup_gw1ns4c.o(RESET)
</UL>
<P><STRONG><a name="[2a]"></a>PORT0_13_Handler</STRONG> (Thumb, 2 bytes, Stack size 0 bytes, gw1ns4c_it.o(i.PORT0_13_Handler))
<BR>[Address Reference Count : 1]<UL><LI> startup_gw1ns4c.o(RESET)
</UL>
<P><STRONG><a name="[2b]"></a>PORT0_14_Handler</STRONG> (Thumb, 2 bytes, Stack size 0 bytes, gw1ns4c_it.o(i.PORT0_14_Handler))
<BR>[Address Reference Count : 1]<UL><LI> startup_gw1ns4c.o(RESET)
</UL>
<P><STRONG><a name="[2c]"></a>PORT0_15_Handler</STRONG> (Thumb, 2 bytes, Stack size 0 bytes, gw1ns4c_it.o(i.PORT0_15_Handler))
<BR>[Address Reference Count : 1]<UL><LI> startup_gw1ns4c.o(RESET)
</UL>
<P><STRONG><a name="[1e]"></a>PORT0_1_Handler</STRONG> (Thumb, 2 bytes, Stack size 0 bytes, gw1ns4c_it.o(i.PORT0_1_Handler))
<BR>[Address Reference Count : 1]<UL><LI> startup_gw1ns4c.o(RESET)
</UL>
<P><STRONG><a name="[1f]"></a>PORT0_2_Handler</STRONG> (Thumb, 2 bytes, Stack size 0 bytes, gw1ns4c_it.o(i.PORT0_2_Handler))
<BR>[Address Reference Count : 1]<UL><LI> startup_gw1ns4c.o(RESET)
</UL>
<P><STRONG><a name="[20]"></a>PORT0_3_Handler</STRONG> (Thumb, 2 bytes, Stack size 0 bytes, gw1ns4c_it.o(i.PORT0_3_Handler))
<BR>[Address Reference Count : 1]<UL><LI> startup_gw1ns4c.o(RESET)
</UL>
<P><STRONG><a name="[21]"></a>PORT0_4_Handler</STRONG> (Thumb, 2 bytes, Stack size 0 bytes, gw1ns4c_it.o(i.PORT0_4_Handler))
<BR>[Address Reference Count : 1]<UL><LI> startup_gw1ns4c.o(RESET)
</UL>
<P><STRONG><a name="[22]"></a>PORT0_5_Handler</STRONG> (Thumb, 2 bytes, Stack size 0 bytes, gw1ns4c_it.o(i.PORT0_5_Handler))
<BR>[Address Reference Count : 1]<UL><LI> startup_gw1ns4c.o(RESET)
</UL>
<P><STRONG><a name="[23]"></a>PORT0_6_Handler</STRONG> (Thumb, 2 bytes, Stack size 0 bytes, gw1ns4c_it.o(i.PORT0_6_Handler))
<BR>[Address Reference Count : 1]<UL><LI> startup_gw1ns4c.o(RESET)
</UL>
<P><STRONG><a name="[24]"></a>PORT0_7_Handler</STRONG> (Thumb, 2 bytes, Stack size 0 bytes, gw1ns4c_it.o(i.PORT0_7_Handler))
<BR>[Address Reference Count : 1]<UL><LI> startup_gw1ns4c.o(RESET)
</UL>
<P><STRONG><a name="[25]"></a>PORT0_8_Handler</STRONG> (Thumb, 2 bytes, Stack size 0 bytes, gw1ns4c_it.o(i.PORT0_8_Handler))
<BR>[Address Reference Count : 1]<UL><LI> startup_gw1ns4c.o(RESET)
</UL>
<P><STRONG><a name="[26]"></a>PORT0_9_Handler</STRONG> (Thumb, 2 bytes, Stack size 0 bytes, gw1ns4c_it.o(i.PORT0_9_Handler))
<BR>[Address Reference Count : 1]<UL><LI> startup_gw1ns4c.o(RESET)
</UL>
<P><STRONG><a name="[c]"></a>PendSV_Handler</STRONG> (Thumb, 2 bytes, Stack size 0 bytes, gw1ns4c_it.o(i.PendSV_Handler))
<BR>[Address Reference Count : 1]<UL><LI> startup_gw1ns4c.o(RESET)
</UL>
<P><STRONG><a name="[13]"></a>RTC_Handler</STRONG> (Thumb, 2 bytes, Stack size 0 bytes, gw1ns4c_it.o(i.RTC_Handler))
<BR>[Address Reference Count : 1]<UL><LI> startup_gw1ns4c.o(RESET)
</UL>
<P><STRONG><a name="[a]"></a>SVC_Handler</STRONG> (Thumb, 2 bytes, Stack size 0 bytes, gw1ns4c_it.o(i.SVC_Handler))
<BR>[Address Reference Count : 1]<UL><LI> startup_gw1ns4c.o(RESET)
</UL>
<P><STRONG><a name="[60]"></a>SysTick_CLKSourceConfig</STRONG> (Thumb, 14 bytes, Stack size 0 bytes, gw1ns4c_misc.o(i.SysTick_CLKSourceConfig))
<BR><BR>[Called By]<UL><LI><a href="#[5e]">&gt;&gt;</a>&nbsp;&nbsp;&nbsp;SysTick_init
</UL>

<P><STRONG><a name="[d]"></a>SysTick_Handler</STRONG> (Thumb, 40 bytes, Stack size 0 bytes, systick.o(i.SysTick_Handler))
<BR>[Address Reference Count : 1]<UL><LI> startup_gw1ns4c.o(RESET)
</UL>
<P><STRONG><a name="[5e]"></a>SysTick_init</STRONG> (Thumb, 64 bytes, Stack size 8 bytes, systick.o(i.SysTick_init))
<BR><BR>[Stack]<UL><LI>Max Depth = 8<LI>Call Chain = SysTick_init
</UL>
<BR>[Calls]<UL><LI><a href="#[60]">&gt;&gt;</a>&nbsp;&nbsp;&nbsp;SysTick_CLKSourceConfig
<LI><a href="#[5f]">&gt;&gt;</a>&nbsp;&nbsp;&nbsp;SystemCoreClockUpdate
</UL>
<BR>[Called By]<UL><LI><a href="#[43]">&gt;&gt;</a>&nbsp;&nbsp;&nbsp;main
</UL>

<P><STRONG><a name="[5f]"></a>SystemCoreClockUpdate</STRONG> (Thumb, 14 bytes, Stack size 0 bytes, system_gw1ns4c.o(i.SystemCoreClockUpdate))
<BR><BR>[Called By]<UL><LI><a href="#[5e]">&gt;&gt;</a>&nbsp;&nbsp;&nbsp;SysTick_init
</UL>

<P><STRONG><a name="[2d]"></a>SystemInit</STRONG> (Thumb, 14 bytes, Stack size 0 bytes, system_gw1ns4c.o(i.SystemInit))
<BR><BR>[Called By]<UL><LI><a href="#[43]">&gt;&gt;</a>&nbsp;&nbsp;&nbsp;main
</UL>
<BR>[Address Reference Count : 1]<UL><LI> startup_gw1ns4c.o(.text)
</UL>
<P><STRONG><a name="[16]"></a>TIMER0_Handler</STRONG> (Thumb, 2 bytes, Stack size 0 bytes, gw1ns4c_it.o(i.TIMER0_Handler))
<BR>[Address Reference Count : 1]<UL><LI> startup_gw1ns4c.o(RESET)
</UL>
<P><STRONG><a name="[17]"></a>TIMER1_Handler</STRONG> (Thumb, 2 bytes, Stack size 0 bytes, gw1ns4c_it.o(i.TIMER1_Handler))
<BR>[Address Reference Count : 1]<UL><LI> startup_gw1ns4c.o(RESET)
</UL>
<P><STRONG><a name="[e]"></a>UART0_Handler</STRONG> (Thumb, 2 bytes, Stack size 0 bytes, gw1ns4c_it.o(i.UART0_Handler))
<BR>[Address Reference Count : 1]<UL><LI> startup_gw1ns4c.o(RESET)
</UL>
<P><STRONG><a name="[10]"></a>UART1_Handler</STRONG> (Thumb, 2 bytes, Stack size 0 bytes, gw1ns4c_it.o(i.UART1_Handler))
<BR>[Address Reference Count : 1]<UL><LI> startup_gw1ns4c.o(RESET)
</UL>
<P><STRONG><a name="[63]"></a>UART_Init</STRONG> (Thumb, 116 bytes, Stack size 8 bytes, gw1ns4c_uart.o(i.UART_Init))
<BR><BR>[Stack]<UL><LI>Max Depth = 8<LI>Call Chain = UART_Init
</UL>
<BR>[Called By]<UL><LI><a href="#[62]">&gt;&gt;</a>&nbsp;&nbsp;&nbsp;UartInit
</UL>

<P><STRONG><a name="[61]"></a>UART_SendChar</STRONG> (Thumb, 10 bytes, Stack size 0 bytes, gw1ns4c_uart.o(i.UART_SendChar))
<BR><BR>[Calls]<UL><LI><a href="#[61]">&gt;&gt;</a>&nbsp;&nbsp;&nbsp;UART_SendChar
</UL>
<BR>[Called By]<UL><LI><a href="#[2f]">&gt;&gt;</a>&nbsp;&nbsp;&nbsp;fputc
<LI><a href="#[61]">&gt;&gt;</a>&nbsp;&nbsp;&nbsp;UART_SendChar
</UL>

<P><STRONG><a name="[f]"></a>USER_INT0_Handler</STRONG> (Thumb, 2 bytes, Stack size 0 bytes, gw1ns4c_it.o(i.USER_INT0_Handler))
<BR>[Address Reference Count : 1]<UL><LI> startup_gw1ns4c.o(RESET)
</UL>
<P><STRONG><a name="[11]"></a>USER_INT1_Handler</STRONG> (Thumb, 2 bytes, Stack size 0 bytes, gw1ns4c_it.o(i.USER_INT1_Handler))
<BR>[Address Reference Count : 1]<UL><LI> startup_gw1ns4c.o(RESET)
</UL>
<P><STRONG><a name="[12]"></a>USER_INT2_Handler</STRONG> (Thumb, 2 bytes, Stack size 0 bytes, gw1ns4c_it.o(i.USER_INT2_Handler))
<BR>[Address Reference Count : 1]<UL><LI> startup_gw1ns4c.o(RESET)
</UL>
<P><STRONG><a name="[15]"></a>USER_INT3_Handler</STRONG> (Thumb, 2 bytes, Stack size 0 bytes, gw1ns4c_it.o(i.USER_INT3_Handler))
<BR>[Address Reference Count : 1]<UL><LI> startup_gw1ns4c.o(RESET)
</UL>
<P><STRONG><a name="[1a]"></a>USER_INT4_Handler</STRONG> (Thumb, 2 bytes, Stack size 0 bytes, gw1ns4c_it.o(i.USER_INT4_Handler))
<BR>[Address Reference Count : 1]<UL><LI> startup_gw1ns4c.o(RESET)
</UL>
<P><STRONG><a name="[1b]"></a>USER_INT5_Handler</STRONG> (Thumb, 2 bytes, Stack size 0 bytes, gw1ns4c_it.o(i.USER_INT5_Handler))
<BR>[Address Reference Count : 1]<UL><LI> startup_gw1ns4c.o(RESET)
</UL>
<P><STRONG><a name="[62]"></a>UartInit</STRONG> (Thumb, 52 bytes, Stack size 16 bytes, main.o(i.UartInit))
<BR><BR>[Stack]<UL><LI>Max Depth = 24<LI>Call Chain = UartInit &rArr; UART_Init
</UL>
<BR>[Calls]<UL><LI><a href="#[63]">&gt;&gt;</a>&nbsp;&nbsp;&nbsp;UART_Init
</UL>
<BR>[Called By]<UL><LI><a href="#[43]">&gt;&gt;</a>&nbsp;&nbsp;&nbsp;main
</UL>

<P><STRONG><a name="[9]"></a>UsageFault_Handler</STRONG> (Thumb, 2 bytes, Stack size 0 bytes, gw1ns4c_it.o(i.UsageFault_Handler))
<BR><BR>[Calls]<UL><LI><a href="#[9]">&gt;&gt;</a>&nbsp;&nbsp;&nbsp;UsageFault_Handler
</UL>
<BR>[Called By]<UL><LI><a href="#[9]">&gt;&gt;</a>&nbsp;&nbsp;&nbsp;UsageFault_Handler
</UL>
<BR>[Address Reference Count : 1]<UL><LI> startup_gw1ns4c.o(RESET)
</UL>
<P><STRONG><a name="[53]"></a>_is_digit</STRONG> (Thumb, 14 bytes, Stack size 0 bytes, __printf_wp.o(i._is_digit))
<BR><BR>[Called By]<UL><LI><a href="#[52]">&gt;&gt;</a>&nbsp;&nbsp;&nbsp;__printf
</UL>

<P><STRONG><a name="[48]"></a>_sys_exit</STRONG> (Thumb, 2 bytes, Stack size 0 bytes, retarget.o(i._sys_exit))
<BR><BR>[Calls]<UL><LI><a href="#[48]">&gt;&gt;</a>&nbsp;&nbsp;&nbsp;_sys_exit
</UL>
<BR>[Called By]<UL><LI><a href="#[48]">&gt;&gt;</a>&nbsp;&nbsp;&nbsp;_sys_exit
<LI><a href="#[47]">&gt;&gt;</a>&nbsp;&nbsp;&nbsp;__rt_exit_exit
</UL>

<P><STRONG><a name="[64]"></a>delay_us_last</STRONG> (Thumb, 32 bytes, Stack size 16 bytes, systick.o(i.delay_us_last))
<BR><BR>[Stack]<UL><LI>Max Depth = 48<LI>Call Chain = delay_us_last &rArr; getRunTime &rArr; __aeabi_ldivmod
</UL>
<BR>[Calls]<UL><LI><a href="#[65]">&gt;&gt;</a>&nbsp;&nbsp;&nbsp;getRunTime
</UL>
<BR>[Called By]<UL><LI><a href="#[43]">&gt;&gt;</a>&nbsp;&nbsp;&nbsp;main
</UL>

<P><STRONG><a name="[2f]"></a>fputc</STRONG> (Thumb, 26 bytes, Stack size 16 bytes, retarget.o(i.fputc))
<BR><BR>[Stack]<UL><LI>Max Depth = 16<LI>Call Chain = fputc
</UL>
<BR>[Calls]<UL><LI><a href="#[61]">&gt;&gt;</a>&nbsp;&nbsp;&nbsp;UART_SendChar
</UL>
<BR>[Address Reference Count : 1]<UL><LI> _printf_char_file.o(.text)
</UL>
<P><STRONG><a name="[65]"></a>getRunTime</STRONG> (Thumb, 70 bytes, Stack size 24 bytes, systick.o(i.getRunTime))
<BR><BR>[Stack]<UL><LI>Max Depth = 32<LI>Call Chain = getRunTime &rArr; __aeabi_ldivmod
</UL>
<BR>[Calls]<UL><LI><a href="#[66]">&gt;&gt;</a>&nbsp;&nbsp;&nbsp;__aeabi_ldivmod
</UL>
<BR>[Called By]<UL><LI><a href="#[68]">&gt;&gt;</a>&nbsp;&nbsp;&nbsp;initTime
<LI><a href="#[67]">&gt;&gt;</a>&nbsp;&nbsp;&nbsp;getTime
<LI><a href="#[64]">&gt;&gt;</a>&nbsp;&nbsp;&nbsp;delay_us_last
</UL>

<P><STRONG><a name="[67]"></a>getTime</STRONG> (Thumb, 20 bytes, Stack size 8 bytes, systick.o(i.getTime))
<BR><BR>[Stack]<UL><LI>Max Depth = 40<LI>Call Chain = getTime &rArr; getRunTime &rArr; __aeabi_ldivmod
</UL>
<BR>[Calls]<UL><LI><a href="#[65]">&gt;&gt;</a>&nbsp;&nbsp;&nbsp;getRunTime
</UL>
<BR>[Called By]<UL><LI><a href="#[6b]">&gt;&gt;</a>&nbsp;&nbsp;&nbsp;printTime
</UL>

<P><STRONG><a name="[68]"></a>initTime</STRONG> (Thumb, 14 bytes, Stack size 8 bytes, systick.o(i.initTime))
<BR><BR>[Stack]<UL><LI>Max Depth = 40<LI>Call Chain = initTime &rArr; getRunTime &rArr; __aeabi_ldivmod
</UL>
<BR>[Calls]<UL><LI><a href="#[65]">&gt;&gt;</a>&nbsp;&nbsp;&nbsp;getRunTime
</UL>
<BR>[Called By]<UL><LI><a href="#[6b]">&gt;&gt;</a>&nbsp;&nbsp;&nbsp;printTime
</UL>

<P><STRONG><a name="[43]"></a>main</STRONG> (Thumb, 88 bytes, Stack size 0 bytes, main.o(i.main))
<BR><BR>[Stack]<UL><LI>Max Depth = 144 + Unknown Stack Size
<LI>Call Chain = main &rArr; printTime &rArr; __2printf &rArr; _printf_char_file &rArr; _printf_char_common &rArr; __printf
</UL>
<BR>[Calls]<UL><LI><a href="#[5d]">&gt;&gt;</a>&nbsp;&nbsp;&nbsp;GPIO_SetBit
<LI><a href="#[6a]">&gt;&gt;</a>&nbsp;&nbsp;&nbsp;GPIO_ResetBit
<LI><a href="#[2d]">&gt;&gt;</a>&nbsp;&nbsp;&nbsp;SystemInit
<LI><a href="#[4b]">&gt;&gt;</a>&nbsp;&nbsp;&nbsp;__2printf
<LI><a href="#[6b]">&gt;&gt;</a>&nbsp;&nbsp;&nbsp;printTime
<LI><a href="#[69]">&gt;&gt;</a>&nbsp;&nbsp;&nbsp;printBender
<LI><a href="#[64]">&gt;&gt;</a>&nbsp;&nbsp;&nbsp;delay_us_last
<LI><a href="#[5e]">&gt;&gt;</a>&nbsp;&nbsp;&nbsp;SysTick_init
<LI><a href="#[62]">&gt;&gt;</a>&nbsp;&nbsp;&nbsp;UartInit
<LI><a href="#[5b]">&gt;&gt;</a>&nbsp;&nbsp;&nbsp;GPIOInit
</UL>
<BR>[Called By]<UL><LI><a href="#[42]">&gt;&gt;</a>&nbsp;&nbsp;&nbsp;__rt_entry_main
</UL>

<P><STRONG><a name="[69]"></a>printBender</STRONG> (Thumb, 1362 bytes, Stack size 8 bytes, bender.o(i.printBender))
<BR><BR>[Stack]<UL><LI>Max Depth = 144 + Unknown Stack Size
<LI>Call Chain = printBender &rArr; __2printf &rArr; _printf_char_file &rArr; _printf_char_common &rArr; __printf
</UL>
<BR>[Calls]<UL><LI><a href="#[4b]">&gt;&gt;</a>&nbsp;&nbsp;&nbsp;__2printf
</UL>
<BR>[Called By]<UL><LI><a href="#[43]">&gt;&gt;</a>&nbsp;&nbsp;&nbsp;main
</UL>

<P><STRONG><a name="[6b]"></a>printTime</STRONG> (Thumb, 24 bytes, Stack size 8 bytes, systick.o(i.printTime))
<BR><BR>[Stack]<UL><LI>Max Depth = 144 + Unknown Stack Size
<LI>Call Chain = printTime &rArr; __2printf &rArr; _printf_char_file &rArr; _printf_char_common &rArr; __printf
</UL>
<BR>[Calls]<UL><LI><a href="#[4b]">&gt;&gt;</a>&nbsp;&nbsp;&nbsp;__2printf
<LI><a href="#[68]">&gt;&gt;</a>&nbsp;&nbsp;&nbsp;initTime
<LI><a href="#[67]">&gt;&gt;</a>&nbsp;&nbsp;&nbsp;getTime
</UL>
<BR>[Called By]<UL><LI><a href="#[43]">&gt;&gt;</a>&nbsp;&nbsp;&nbsp;main
</UL>
<P>
<H3>
Local Symbols
</H3>
<P><STRONG><a name="[30]"></a>_printf_input_char</STRONG> (Thumb, 10 bytes, Stack size 0 bytes, _printf_char_common.o(.text))
<BR>[Address Reference Count : 1]<UL><LI> _printf_char_common.o(.text)
</UL><P>
<H3>
Undefined Global Symbols
</H3><HR></body></html>
