Component: ARM Compiler 5.06 update 7 (build 960) Tool: armlink [4d3601]

==============================================================================

Section Cross References

    startup_gw1ns4c.o(STACK) refers (Special) to heapauxi.o(.text) for __use_two_region_memory
    startup_gw1ns4c.o(HEAP) refers (Special) to heapauxi.o(.text) for __use_two_region_memory
    startup_gw1ns4c.o(RESET) refers (Special) to heapauxi.o(.text) for __use_two_region_memory
    startup_gw1ns4c.o(RESET) refers to startup_gw1ns4c.o(STACK) for __initial_sp
    startup_gw1ns4c.o(RESET) refers to startup_gw1ns4c.o(.text) for Reset_Handler
    startup_gw1ns4c.o(RESET) refers to gw1ns4c_it.o(i.NMI_Handler) for NMI_Handler
    startup_gw1ns4c.o(RESET) refers to gw1ns4c_it.o(i.HardFault_Handler) for HardFault_Handler
    startup_gw1ns4c.o(RESET) refers to gw1ns4c_it.o(i.MemManage_Handler) for MemManage_Handler
    startup_gw1ns4c.o(RESET) refers to gw1ns4c_it.o(i.BusFault_Handler) for BusFault_Handler
    startup_gw1ns4c.o(RESET) refers to gw1ns4c_it.o(i.UsageFault_Handler) for UsageFault_Handler
    startup_gw1ns4c.o(RESET) refers to gw1ns4c_it.o(i.SVC_Handler) for SVC_Handler
    startup_gw1ns4c.o(RESET) refers to gw1ns4c_it.o(i.DebugMon_Handler) for DebugMon_Handler
    startup_gw1ns4c.o(RESET) refers to gw1ns4c_it.o(i.PendSV_Handler) for PendSV_Handler
    startup_gw1ns4c.o(RESET) refers to systick.o(i.SysTick_Handler) for SysTick_Handler
    startup_gw1ns4c.o(RESET) refers to gw1ns4c_it.o(i.UART0_Handler) for UART0_Handler
    startup_gw1ns4c.o(RESET) refers to gw1ns4c_it.o(i.USER_INT0_Handler) for USER_INT0_Handler
    startup_gw1ns4c.o(RESET) refers to gw1ns4c_it.o(i.UART1_Handler) for UART1_Handler
    startup_gw1ns4c.o(RESET) refers to gw1ns4c_it.o(i.USER_INT1_Handler) for USER_INT1_Handler
    startup_gw1ns4c.o(RESET) refers to gw1ns4c_it.o(i.USER_INT2_Handler) for USER_INT2_Handler
    startup_gw1ns4c.o(RESET) refers to gw1ns4c_it.o(i.RTC_Handler) for RTC_Handler
    startup_gw1ns4c.o(RESET) refers to gw1ns4c_it.o(i.USER_INT3_Handler) for USER_INT3_Handler
    startup_gw1ns4c.o(RESET) refers to gw1ns4c_it.o(i.TIMER0_Handler) for TIMER0_Handler
    startup_gw1ns4c.o(RESET) refers to gw1ns4c_it.o(i.TIMER1_Handler) for TIMER1_Handler
    startup_gw1ns4c.o(RESET) refers to gw1ns4c_it.o(i.I2C_Handler) for I2C_Handler
    startup_gw1ns4c.o(RESET) refers to gw1ns4c_it.o(i.USER_INT4_Handler) for USER_INT4_Handler
    startup_gw1ns4c.o(RESET) refers to gw1ns4c_it.o(i.USER_INT5_Handler) for USER_INT5_Handler
    startup_gw1ns4c.o(RESET) refers to gw1ns4c_it.o(i.PORT0_0_Handler) for PORT0_0_Handler
    startup_gw1ns4c.o(RESET) refers to gw1ns4c_it.o(i.PORT0_1_Handler) for PORT0_1_Handler
    startup_gw1ns4c.o(RESET) refers to gw1ns4c_it.o(i.PORT0_2_Handler) for PORT0_2_Handler
    startup_gw1ns4c.o(RESET) refers to gw1ns4c_it.o(i.PORT0_3_Handler) for PORT0_3_Handler
    startup_gw1ns4c.o(RESET) refers to gw1ns4c_it.o(i.PORT0_4_Handler) for PORT0_4_Handler
    startup_gw1ns4c.o(RESET) refers to gw1ns4c_it.o(i.PORT0_5_Handler) for PORT0_5_Handler
    startup_gw1ns4c.o(RESET) refers to gw1ns4c_it.o(i.PORT0_6_Handler) for PORT0_6_Handler
    startup_gw1ns4c.o(RESET) refers to gw1ns4c_it.o(i.PORT0_7_Handler) for PORT0_7_Handler
    startup_gw1ns4c.o(RESET) refers to gw1ns4c_it.o(i.PORT0_8_Handler) for PORT0_8_Handler
    startup_gw1ns4c.o(RESET) refers to gw1ns4c_it.o(i.PORT0_9_Handler) for PORT0_9_Handler
    startup_gw1ns4c.o(RESET) refers to gw1ns4c_it.o(i.PORT0_10_Handler) for PORT0_10_Handler
    startup_gw1ns4c.o(RESET) refers to gw1ns4c_it.o(i.PORT0_11_Handler) for PORT0_11_Handler
    startup_gw1ns4c.o(RESET) refers to gw1ns4c_it.o(i.PORT0_12_Handler) for PORT0_12_Handler
    startup_gw1ns4c.o(RESET) refers to gw1ns4c_it.o(i.PORT0_13_Handler) for PORT0_13_Handler
    startup_gw1ns4c.o(RESET) refers to gw1ns4c_it.o(i.PORT0_14_Handler) for PORT0_14_Handler
    startup_gw1ns4c.o(RESET) refers to gw1ns4c_it.o(i.PORT0_15_Handler) for PORT0_15_Handler
    startup_gw1ns4c.o(.text) refers (Special) to heapauxi.o(.text) for __use_two_region_memory
    startup_gw1ns4c.o(.text) refers to system_gw1ns4c.o(i.SystemInit) for SystemInit
    startup_gw1ns4c.o(.text) refers to __main.o(!!!main) for __main
    startup_gw1ns4c.o(.text) refers to startup_gw1ns4c.o(HEAP) for Heap_Mem
    startup_gw1ns4c.o(.text) refers to startup_gw1ns4c.o(STACK) for Stack_Mem
    system_gw1ns4c.o(i.SystemCoreClockUpdate) refers to system_gw1ns4c.o(.data) for .data
    system_gw1ns4c.o(i.SystemInit) refers to system_gw1ns4c.o(.data) for .data
    gw1ns4c_i2c.o(i.Delay_ms_i2c) refers to system_gw1ns4c.o(.data) for SystemCoreClock
    gw1ns4c_i2c.o(i.I2C_Init) refers to gw1ns4c_i2c.o(i.I2C_Rate_Set) for I2C_Rate_Set
    gw1ns4c_i2c.o(i.I2C_Rate_Set) refers to system_gw1ns4c.o(.data) for SystemCoreClock
    gw1ns4c_i2c.o(i.I2C_ReadBytes) refers to gw1ns4c_i2c.o(i.I2C_ReceiveByte) for I2C_ReceiveByte
[...]
    systick.o(i.getTime) refers to systick.o(.data) for .data
    systick.o(i.initTime) refers to systick.o(i.getRunTime) for getRunTime
    systick.o(i.initTime) refers to systick.o(.data) for .data
    systick.o(i.printTime) refers to _printf_percent.o(.ARM.Collect$$_printf_percent$$00000000) for _printf_percent
    systick.o(i.printTime) refers to _printf_lld.o(.ARM.Collect$$_printf_percent$$0000000E) for _printf_lld
    systick.o(i.printTime) refers to _printf_longlong_dec.o(.text) for _printf_longlong_dec
    systick.o(i.printTime) refers to systick.o(i.getTime) for getTime
    systick.o(i.printTime) refers to noretval__2printf.o(.text) for __2printf
    systick.o(i.printTime) refers to systick.o(i.initTime) for initTime
    llsdiv.o(.text) refers to lludivv7m.o(.text) for __aeabi_uldivmod
    __2printf.o(.text) refers to _printf_char_file.o(.text) for _printf_char_file
    __2printf.o(.text) refers to retarget.o(.data) for __stdout
    noretval__2printf.o(.text) refers to _printf_char_file.o(.text) for _printf_char_file
    noretval__2printf.o(.text) refers to retarget.o(.data) for __stdout
    __printf.o(.text) refers to _printf_percent.o(.ARM.Collect$$_printf_percent$$00000000) for _printf_percent
    _printf_str.o(.text) refers (Special) to _printf_char.o(.text) for _printf_cs_common
    _printf_str.o(.text) refers (Weak) to _printf_pad.o(.text) for _printf_pre_padding
    _printf_str.o(.text) refers (Weak) to _printf_pad.o(.text) for _printf_post_padding
    _printf_dec.o(.text) refers to _printf_intcommon.o(.text) for _printf_int_common
    _printf_longlong_dec.o(.text) refers to lludiv10.o(.text) for _ll_udiv10
    _printf_longlong_dec.o(.text) refers to _printf_intcommon.o(.text) for _printf_int_common
    __printf_flags.o(.text) refers to _printf_percent.o(.ARM.Collect$$_printf_percent$$00000000) for _printf_percent
    __printf_flags.o(.text) refers to __printf_flags.o(.constdata) for .constdata
    __printf_ss.o(.text) refers to _printf_percent.o(.ARM.Collect$$_printf_percent$$00000000) for _printf_percent
    __printf_flags_ss.o(.text) refers to _printf_percent.o(.ARM.Collect$$_printf_percent$$00000000) for _printf_percent
    __printf_flags_ss.o(.text) refers to __printf_flags_ss.o(.constdata) for .constdata
    __printf_wp.o(.text) refers to __printf_wp.o(i._is_digit) for _is_digit
    __printf_wp.o(.text) refers to _printf_percent.o(.ARM.Collect$$_printf_percent$$00000000) for _printf_percent
    __printf_flags_wp.o(.text) refers to __printf_wp.o(i._is_digit) for _is_digit
    __printf_flags_wp.o(.text) refers to _printf_percent.o(.ARM.Collect$$_printf_percent$$00000000) for _printf_percent
    __printf_flags_wp.o(.text) refers to __printf_flags_wp.o(.constdata) for .constdata
    __printf_ss_wp.o(.text) refers to __printf_wp.o(i._is_digit) for _is_digit
    __printf_ss_wp.o(.text) refers to _printf_percent.o(.ARM.Collect$$_printf_percent$$00000000) for _printf_percent
    __printf_flags_ss_wp.o(.text) refers to __printf_wp.o(i._is_digit) for _is_digit
    __printf_flags_ss_wp.o(.text) refers to _printf_percent.o(.ARM.Collect$$_printf_percent$$00000000) for _printf_percent
    __printf_flags_ss_wp.o(.text) refers to __printf_flags_ss_wp.o(.constdata) for .constdata
    _printf_c.o(.ARM.Collect$$_printf_percent$$00000013) refers (Weak) to _printf_char.o(.text) for _printf_char
    _printf_s.o(.ARM.Collect$$_printf_percent$$00000014) refers (Weak) to _printf_char.o(.text) for _printf_string
    _printf_d.o(.ARM.Collect$$_printf_percent$$00000009) refers (Weak) to _printf_dec.o(.text) for _printf_int_dec
    _printf_percent.o(.ARM.Collect$$_printf_percent$$00000000) refers (Special) to _printf_percent_end.o(.ARM.Collect$$_printf_percent$$00000017) for _printf_percent_end
    _printf_lld.o(.ARM.Collect$$_printf_percent$$0000000E) refers (Special) to _printf_ll.o(.ARM.Collect$$_printf_percent$$00000007) for _printf_ll
    _printf_lld.o(.ARM.Collect$$_printf_percent$$0000000E) refers (Weak) to _printf_longlong_dec.o(.text) for _printf_longlong_dec
    __main.o(!!!main) refers to __rtentry.o(.ARM.Collect$$rtentry$$00000000) for __rt_entry
    __rtentry.o(.ARM.Collect$$rtentry$$00000000) refers (Special) to __rtentry2.o(.ARM.Collect$$rtentry$$0000000A) for __rt_entry_li
    __rtentry.o(.ARM.Collect$$rtentry$$00000000) refers (Special) to __rtentry2.o(.ARM.Collect$$rtentry$$0000000D) for __rt_entry_main
    __rtentry.o(.ARM.Collect$$rtentry$$00000000) refers (Special) to __rtentry2.o(.ARM.Collect$$rtentry$$0000000C) for __rt_entry_postli_1
    __rtentry.o(.ARM.Collect$$rtentry$$00000000) refers (Special) to __rtentry2.o(.ARM.Collect$$rtentry$$00000009) for __rt_entry_postsh_1
    __rtentry.o(.ARM.Collect$$rtentry$$00000000) refers (Special) to __rtentry2.o(.ARM.Collect$$rtentry$$00000002) for __rt_entry_presh_1
    __rtentry.o(.ARM.Collect$$rtentry$$00000000) refers (Special) to __rtentry4.o(.ARM.Collect$$rtentry$$00000004) for __rt_entry_sh
    _printf_intcommon.o(.text) refers (Weak) to _printf_pad.o(.text) for _printf_pre_padding
    _printf_intcommon.o(.text) refers (Weak) to _printf_pad.o(.text) for _printf_pre_padding
    _printf_intcommon.o(.text) refers (Weak) to _printf_pad.o(.text) for _printf_post_padding
    _printf_char.o(.text) refers (Weak) to _printf_str.o(.text) for _printf_str
    _printf_char_file.o(.text) refers to _printf_char_common.o(.text) for _printf_char_common
    _printf_char_file.o(.text) refers to ferror.o(.text) for ferror
    _printf_char_file.o(.text) refers to retarget.o(i.fputc) for fputc
    __rtentry2.o(.ARM.Collect$$rtentry$$00000008) refers to boardinit2.o(.text) for _platform_post_stackheap_init
    __rtentry2.o(.ARM.Collect$$rtentry$$0000000A) refers to libinit.o(.ARM.Collect$$libinit$$00000000) for __rt_lib_init
    __rtentry2.o(.ARM.Collect$$rtentry$$0000000B) refers to boardinit3.o(.text) for _platform_post_lib_init
    __rtentry2.o(.ARM.Collect$$rtentry$$0000000D) refers to main.o(i.main) for main
    __rtentry2.o(.ARM.Collect$$rtentry$$0000000D) refers to exit.o(.text) for exit
    __rtentry2.o(.ARM.exidx) refers to __rtentry2.o(.ARM.Collect$$rtentry$$00000001) for .ARM.Collect$$rtentry$$00000001
    __rtentry2.o(.ARM.exidx) refers to __rtentry2.o(.ARM.Collect$$rtentry$$00000008) for .ARM.Collect$$rtentry$$00000008
    __rtentry2.o(.ARM.exidx) refers to __rtentry2.o(.ARM.Collect$$rtentry$$0000000A) for .ARM.Collect$$rtentry$$0000000A
    __rtentry2.o(.ARM.exidx) refers to __rtentry2.o(.ARM.Collect$$rtentry$$0000000B) for .ARM.Collect$$rtentry$$0000000B
    __rtentry2.o(.ARM.exidx) refers to __rtentry2.o(.ARM.Collect$$rtentry$$0000000D) for .ARM.Collect$$rtentry$$0000000D
    __rtentry4.o(.ARM.Collect$$rtentry$$00000004) refers to sys_stackheap_outer.o(.text) for __user_setup_stackheap
    __rtentry4.o(.ARM.exidx) refers to __rtentry4.o(.ARM.Collect$$rtentry$$00000004) for .ARM.Collect$$rtentry$$00000004
    aeabi_ldiv0_sigfpe.o(.text) refers to rt_div0.o(.text) for __rt_div0
    _printf_char_common.o(.text) refers to __printf_ss_wp.o(.text) for __printf
    sys_stackheap_outer.o(.text) refers to libspace.o(.text) for __user_perproc_libspace
    sys_stackheap_outer.o(.text) refers to startup_gw1ns4c.o(.text) for __user_initial_stackheap
    rt_div0.o(.text) refers to defsig_fpe_outer.o(.text) for __rt_SIGFPE
    exit.o(.text) refers to rtexit.o(.ARM.Collect$$rtexit$$00000000) for __rt_exit
    libinit.o(.ARM.Collect$$libinit$$00000000) refers (Special) to libinit2.o(.ARM.Collect$$libinit$$0000002E) for __rt_lib_init_alloca_1
    libinit.o(.ARM.Collect$$libinit$$00000000) refers (Special) to libinit2.o(.ARM.Collect$$libinit$$0000002C) for __rt_lib_init_argv_1
    libinit.o(.ARM.Collect$$libinit$$00000000) refers (Special) to libinit2.o(.ARM.Collect$$libinit$$0000001B) for __rt_lib_init_atexit_1
    libinit.o(.ARM.Collect$$libinit$$00000000) refers (Special) to libinit2.o(.ARM.Collect$$libinit$$00000021) for __rt_lib_init_clock_1
    libinit.o(.ARM.Collect$$libinit$$00000000) refers (Special) to libinit2.o(.ARM.Collect$$libinit$$00000032) for __rt_lib_init_cpp_1
    libinit.o(.ARM.Collect$$libinit$$00000000) refers (Special) to libinit2.o(.ARM.Collect$$libinit$$00000030) for __rt_lib_init_exceptions_1
    libinit.o(.ARM.Collect$$libinit$$00000000) refers (Special) to libinit2.o(.ARM.Collect$$libinit$$00000002) for __rt_lib_init_fp_1
    libinit.o(.ARM.Collect$$libinit$$00000000) refers (Special) to libinit2.o(.ARM.Collect$$libinit$$0000001F) for __rt_lib_init_fp_trap_1
    libinit.o(.ARM.Collect$$libinit$$00000000) refers (Special) to libinit2.o(.ARM.Collect$$libinit$$00000023) for __rt_lib_init_getenv_1
    libinit.o(.ARM.Collect$$libinit$$00000000) refers (Special) to libinit2.o(.ARM.Collect$$libinit$$0000000A) for __rt_lib_init_heap_1
    libinit.o(.ARM.Collect$$libinit$$00000000) refers (Special) to libinit2.o(.ARM.Collect$$libinit$$00000011) for __rt_lib_init_lc_collate_1
    libinit.o(.ARM.Collect$$libinit$$00000000) refers (Special) to libinit2.o(.ARM.Collect$$libinit$$00000013) for __rt_lib_init_lc_ctype_1
    libinit.o(.ARM.Collect$$libinit$$00000000) refers (Special) to libinit2.o(.ARM.Collect$$libinit$$00000015) for __rt_lib_init_lc_monetary_1
    libinit.o(.ARM.Collect$$libinit$$00000000) refers (Special) to libinit2.o(.ARM.Collect$$libinit$$00000017) for __rt_lib_init_lc_numeric_1
    libinit.o(.ARM.Collect$$libinit$$00000000) refers (Special) to libinit2.o(.ARM.Collect$$libinit$$00000019) for __rt_lib_init_lc_time_1
    libinit.o(.ARM.Collect$$libinit$$00000000) refers (Special) to libinit2.o(.ARM.Collect$$libinit$$00000004) for __rt_lib_init_preinit_1
    libinit.o(.ARM.Collect$$libinit$$00000000) refers (Special) to libinit2.o(.ARM.Collect$$libinit$$0000000E) for __rt_lib_init_rand_1
    libinit.o(.ARM.Collect$$libinit$$00000000) refers (Special) to libinit2.o(.ARM.Collect$$libinit$$00000033) for __rt_lib_init_return
    libinit.o(.ARM.Collect$$libinit$$00000000) refers (Special) to libinit2.o(.ARM.Collect$$libinit$$0000001D) for __rt_lib_init_signal_1
    libinit.o(.ARM.Collect$$libinit$$00000000) refers (Special) to libinit2.o(.ARM.Collect$$libinit$$00000025) for __rt_lib_init_stdio_1
    libinit.o(.ARM.Collect$$libinit$$00000000) refers (Special) to libinit2.o(.ARM.Collect$$libinit$$0000000C) for __rt_lib_init_user_alloc_1
    libspace.o(.text) refers to libspace.o(.bss) for __libspace_start
    rtexit.o(.ARM.Collect$$rtexit$$00000000) refers (Special) to rtexit2.o(.ARM.Collect$$rtexit$$00000004) for __rt_exit_exit
    rtexit.o(.ARM.Collect$$rtexit$$00000000) refers (Special) to rtexit2.o(.ARM.Collect$$rtexit$$00000003) for __rt_exit_ls
    rtexit.o(.ARM.Collect$$rtexit$$00000000) refers (Special) to rtexit2.o(.ARM.Collect$$rtexit$$00000002) for __rt_exit_prels_1
    rtexit.o(.ARM.exidx) refers (Special) to rtexit2.o(.ARM.Collect$$rtexit$$00000004) for __rt_exit_exit
    rtexit.o(.ARM.exidx) refers (Special) to rtexit2.o(.ARM.Collect$$rtexit$$00000003) for __rt_exit_ls
    rtexit.o(.ARM.exidx) refers (Special) to rtexit2.o(.ARM.Collect$$rtexit$$00000002) for __rt_exit_prels_1
    rtexit.o(.ARM.exidx) refers to rtexit.o(.ARM.Collect$$rtexit$$00000000) for .ARM.Collect$$rtexit$$00000000
    defsig_fpe_outer.o(.text) refers to defsig_fpe_inner.o(.text) for __rt_SIGFPE_inner
    defsig_fpe_outer.o(.text) refers to defsig_exit.o(.text) for __sig_exit
    defsig_fpe_formal.o(.text) refers to rt_raise.o(.text) for __rt_raise
    libinit2.o(.ARM.Collect$$libinit$$00000010) refers to libinit2.o(.ARM.Collect$$libinit$$0000000F) for .ARM.Collect$$libinit$$0000000F
    libinit2.o(.ARM.Collect$$libinit$$00000012) refers to libinit2.o(.ARM.Collect$$libinit$$0000000F) for .ARM.Collect$$libinit$$0000000F
    libinit2.o(.ARM.Collect$$libinit$$00000014) refers to libinit2.o(.ARM.Collect$$libinit$$0000000F) for .ARM.Collect$$libinit$$0000000F
    libinit2.o(.ARM.Collect$$libinit$$00000016) refers to libinit2.o(.ARM.Collect$$libinit$$0000000F) for .ARM.Collect$$libinit$$0000000F
    libinit2.o(.ARM.Collect$$libinit$$00000018) refers to libinit2.o(.ARM.Collect$$libinit$$0000000F) for .ARM.Collect$$libinit$$0000000F
    libinit2.o(.ARM.Collect$$libinit$$00000026) refers to argv_veneer.o(.emb_text) for __ARM_argv_veneer
    libinit2.o(.ARM.Collect$$libinit$$00000027) refers to argv_veneer.o(.emb_text) for __ARM_argv_veneer
    rtexit2.o(.ARM.Collect$$rtexit$$00000003) refers to libshutdown.o(.ARM.Collect$$libshutdown$$00000000) for __rt_lib_shutdown
    rtexit2.o(.ARM.Collect$$rtexit$$00000004) refers to retarget.o(i._sys_exit) for _sys_exit
    rtexit2.o(.ARM.exidx) refers to rtexit2.o(.ARM.Collect$$rtexit$$00000001) for .ARM.Collect$$rtexit$$00000001
    rtexit2.o(.ARM.exidx) refers to rtexit2.o(.ARM.Collect$$rtexit$$00000003) for .ARM.Collect$$rtexit$$00000003
    rtexit2.o(.ARM.exidx) refers to rtexit2.o(.ARM.Collect$$rtexit$$00000004) for .ARM.Collect$$rtexit$$00000004
    rt_raise.o(.text) refers to __raise.o(.text) for __raise
    rt_raise.o(.text) refers to retarget.o(i._sys_exit) for _sys_exit
    defsig_exit.o(.text) refers to retarget.o(i._sys_exit) for _sys_exit
    defsig_fpe_inner.o(.text) refers to defsig_general.o(.text) for __default_signal_display
    argv_veneer.o(.emb_text) refers to no_argv.o(.text) for __ARM_get_argv
    __raise.o(.text) refers to defsig.o(CL$$defsig) for __default_signal_handler
    defsig_general.o(.text) refers to retarget.o(i._ttywrch) for _ttywrch
    _get_argv_nomalloc.o(.text) refers (Special) to hrguard.o(.text) for __heap_region$guard
    _get_argv_nomalloc.o(.text) refers to defsig_rtmem_outer.o(.text) for __rt_SIGRTMEM
    _get_argv_nomalloc.o(.text) refers to sys_command.o(.text) for _sys_command_string
    libshutdown.o(.ARM.Collect$$libshutdown$$00000000) refers (Special) to libshutdown2.o(.ARM.Collect$$libshutdown$$00000004) for __rt_lib_shutdown_cpp_1
    libshutdown.o(.ARM.Collect$$libshutdown$$00000000) refers (Special) to libshutdown2.o(.ARM.Collect$$libshutdown$$00000002) for __rt_lib_shutdown_fini_1
    libshutdown.o(.ARM.Collect$$libshutdown$$00000000) refers (Special) to libshutdown2.o(.ARM.Collect$$libshutdown$$00000009) for __rt_lib_shutdown_fp_trap_1
    libshutdown.o(.ARM.Collect$$libshutdown$$00000000) refers (Special) to libshutdown2.o(.ARM.Collect$$libshutdown$$00000011) for __rt_lib_shutdown_heap_1
    libshutdown.o(.ARM.Collect$$libshutdown$$00000000) refers (Special) to libshutdown2.o(.ARM.Collect$$libshutdown$$00000012) for __rt_lib_shutdown_return
    libshutdown.o(.ARM.Collect$$libshutdown$$00000000) refers (Special) to libshutdown2.o(.ARM.Collect$$libshutdown$$0000000C) for __rt_lib_shutdown_signal_1
    libshutdown.o(.ARM.Collect$$libshutdown$$00000000) refers (Special) to libshutdown2.o(.ARM.Collect$$libshutdown$$00000006) for __rt_lib_shutdown_stdio_1
    libshutdown.o(.ARM.Collect$$libshutdown$$00000000) refers (Special) to libshutdown2.o(.ARM.Collect$$libshutdown$$0000000E) for __rt_lib_shutdown_user_alloc_1
    sys_command.o(.text) refers (Special) to use_no_semi.o(.text) for __I$use$semihosting
    sys_command.o(.text) refers (Special) to indicate_semi.o(.text) for __semihosting_library_function
    defsig_rtmem_outer.o(.text) refers to defsig_rtmem_inner.o(.text) for __rt_SIGRTMEM_inner
    defsig_rtmem_outer.o(.text) refers to defsig_exit.o(.text) for __sig_exit
    defsig_rtmem_formal.o(.text) refers to rt_raise.o(.text) for __rt_raise
    defsig.o(CL$$defsig) refers to defsig_fpe_inner.o(.text) for __rt_SIGFPE_inner
    defsig.o(CL$$defsig) refers to defsig_rtmem_inner.o(.text) for __rt_SIGRTMEM_inner
    defsig_abrt_inner.o(.text) refers to defsig_general.o(.text) for __default_signal_display
    defsig_rtred_inner.o(.text) refers to defsig_general.o(.text) for __default_signal_display
    defsig_rtmem_inner.o(.text) refers to defsig_general.o(.text) for __default_signal_display
    defsig_stak_inner.o(.text) refers to defsig_general.o(.text) for __default_signal_display
    defsig_pvfn_inner.o(.text) refers to defsig_general.o(.text) for __default_signal_display
    defsig_cppl_inner.o(.text) refers to defsig_general.o(.text) for __default_signal_display
    defsig_segv_inner.o(.text) refers to defsig_general.o(.text) for __default_signal_display
    defsig_other.o(.text) refers to defsig_general.o(.text) for __default_signal_display


==============================================================================

Removing Unused input sections from the image.

    Removing core_cm3.o(.emb_text), (32 bytes).
    Removing gw1ns4c_gpio.o(i.GPIO_ClrAltFunc), (4 bytes).
    Removing gw1ns4c_gpio.o(i.GPIO_ClrIntEnable), (10 bytes).
    Removing gw1ns4c_gpio.o(i.GPIO_ClrOutEnable), (4 bytes).
    Removing gw1ns4c_gpio.o(i.GPIO_GetAltFunc), (4 bytes).
    Removing gw1ns4c_gpio.o(i.GPIO_GetIntStatus), (4 bytes).
    Removing gw1ns4c_gpio.o(i.GPIO_GetOutEnable), (4 bytes).
    Removing gw1ns4c_gpio.o(i.GPIO_IntClear), (8 bytes).
    Removing gw1ns4c_gpio.o(i.GPIO_MaskedWrite), (26 bytes).
    Removing gw1ns4c_gpio.o(i.GPIO_ReadBits), (4 bytes).
    Removing gw1ns4c_gpio.o(i.GPIO_SetAltFunc), (8 bytes).
    Removing gw1ns4c_gpio.o(i.GPIO_SetIntEnable), (10 bytes).
    Removing gw1ns4c_gpio.o(i.GPIO_SetIntFallingEdge), (20 bytes).
    Removing gw1ns4c_gpio.o(i.GPIO_SetIntHighLevel), (20 bytes).
    Removing gw1ns4c_gpio.o(i.GPIO_SetIntLowLevel), (20 bytes).
    Removing gw1ns4c_gpio.o(i.GPIO_SetIntRisingEdge), (20 bytes).
    Removing gw1ns4c_gpio.o(i.GPIO_SetOutEnable), (8 bytes).
    Removing gw1ns4c_gpio.o(i.GPIO_WriteBits), (4 bytes).
    Removing gw1ns4c_i2c.o(i.Delay_ms_i2c), (28 bytes).
    Removing gw1ns4c_i2c.o(i.I2C_Enable), (10 bytes).
    Removing gw1ns4c_i2c.o(i.I2C_Init), (38 bytes).
    Removing gw1ns4c_i2c.o(i.I2C_InterruptClose), (10 bytes).
    Removing gw1ns4c_i2c.o(i.I2C_InterruptOpen), (10 bytes).
    Removing gw1ns4c_i2c.o(i.I2C_Rate_Set), (28 bytes).
    Removing gw1ns4c_i2c.o(i.I2C_ReadBytes), (42 bytes).
    Removing gw1ns4c_i2c.o(i.I2C_ReceiveByte), (86 bytes).
    Removing gw1ns4c_i2c.o(i.I2C_ReceiveData), (108 bytes).
    Removing gw1ns4c_i2c.o(i.I2C_SendByte), (68 bytes).
    Removing gw1ns4c_i2c.o(i.I2C_SendBytes), (42 bytes).
    Removing gw1ns4c_i2c.o(i.I2C_SendData), (96 bytes).
    Removing gw1ns4c_i2c.o(i.I2C_UnEnable), (8 bytes).
    Removing gw1ns4c_misc.o(i.NVIC_Init), (100 bytes).
    Removing gw1ns4c_misc.o(i.NVIC_PriorityGroupConfig), (20 bytes).
    Removing gw1ns4c_misc.o(i.NVIC_SetVectorTable), (20 bytes).
    Removing gw1ns4c_rtc.o(i.Clear_RTC_interrupt), (12 bytes).
    Removing gw1ns4c_rtc.o(i.Close_RTC), (12 bytes).
    Removing gw1ns4c_rtc.o(i.Get_Current_Value), (12 bytes).
    Removing gw1ns4c_rtc.o(i.Get_Load_Value), (12 bytes).
    Removing gw1ns4c_rtc.o(i.Get_Match_Value), (12 bytes).
    Removing gw1ns4c_rtc.o(i.Get_RTC_Control_value), (12 bytes).
    Removing gw1ns4c_rtc.o(i.Get_RTC_Inter_Mask_value), (12 bytes).
    Removing gw1ns4c_rtc.o(i.RTC_Inter_Mask_Clr), (12 bytes).
    Removing gw1ns4c_rtc.o(i.RTC_Inter_Mask_Set), (12 bytes).
    Removing gw1ns4c_rtc.o(i.RTC_init), (24 bytes).
    Removing gw1ns4c_rtc.o(i.Set_Load_Value), (12 bytes).
    Removing gw1ns4c_rtc.o(i.Set_Match_Value), (12 bytes).
    Removing gw1ns4c_rtc.o(i.Start_RTC), (12 bytes).
    Removing gw1ns4c_spi.o(i.SPI_ClrDirection), (20 bytes).
    Removing gw1ns4c_spi.o(i.SPI_ClrErrStatus), (20 bytes).
    Removing gw1ns4c_spi.o(i.SPI_ClrPhase), (20 bytes).
    Removing gw1ns4c_spi.o(i.SPI_ClrPolarity), (20 bytes).
    Removing gw1ns4c_spi.o(i.SPI_ClrRoeStatus), (20 bytes).
    Removing gw1ns4c_spi.o(i.SPI_ClrToeStatus), (20 bytes).
    Removing gw1ns4c_spi.o(i.SPI_GetClkSel), (16 bytes).
    Removing gw1ns4c_spi.o(i.SPI_GetDirection), (16 bytes).
    Removing gw1ns4c_spi.o(i.SPI_GetErrStatus), (16 bytes).
    Removing gw1ns4c_spi.o(i.SPI_GetPhase), (16 bytes).
    Removing gw1ns4c_spi.o(i.SPI_GetPolarity), (16 bytes).
    Removing gw1ns4c_spi.o(i.SPI_GetRoeStatus), (16 bytes).
    Removing gw1ns4c_spi.o(i.SPI_GetRrdyStatus), (16 bytes).
    Removing gw1ns4c_spi.o(i.SPI_GetTmtStatus), (16 bytes).
    Removing gw1ns4c_spi.o(i.SPI_GetToeStatus), (16 bytes).
    Removing gw1ns4c_spi.o(i.SPI_GetTrdyStatus), (16 bytes).
    Removing gw1ns4c_spi.o(i.SPI_Init), (56 bytes).
    Removing gw1ns4c_spi.o(i.SPI_ReadData), (6 bytes).
    Removing gw1ns4c_spi.o(i.SPI_ReadWriteByte), (36 bytes).
    Removing gw1ns4c_spi.o(i.SPI_Select_Slave), (12 bytes).
    Removing gw1ns4c_spi.o(i.SPI_SetClkSel), (36 bytes).
    Removing gw1ns4c_spi.o(i.SPI_SetDirection), (20 bytes).
    Removing gw1ns4c_spi.o(i.SPI_SetPhase), (20 bytes).
    Removing gw1ns4c_spi.o(i.SPI_SetPolarity), (20 bytes).
    Removing gw1ns4c_spi.o(i.SPI_WriteData), (4 bytes).
    Removing gw1ns4c_syscon.o(i.SYSCON_GetPmuctrlEnable), (12 bytes).
    Removing gw1ns4c_syscon.o(i.SYSCON_GetRemap), (12 bytes).
    Removing gw1ns4c_syscon.o(i.SYSCON_GetResetopLockuprst), (12 bytes).
    Removing gw1ns4c_syscon.o(i.SYSCON_GetRstinfoLockreset), (16 bytes).
    Removing gw1ns4c_syscon.o(i.SYSCON_GetRstinfoSysresetreq), (16 bytes).
    Removing gw1ns4c_syscon.o(i.SYSCON_GetRstinfoWdogresetreq), (16 bytes).
    Removing gw1ns4c_syscon.o(i.SYSCON_Init), (20 bytes).
    Removing gw1ns4c_timer.o(i.TIMER_ClearIRQ), (6 bytes).
    Removing gw1ns4c_timer.o(i.TIMER_DisableIRQ), (10 bytes).
    Removing gw1ns4c_timer.o(i.TIMER_EnableIRQ), (10 bytes).
    Removing gw1ns4c_timer.o(i.TIMER_GetIRQStatus), (6 bytes).
    Removing gw1ns4c_timer.o(i.TIMER_GetReload), (4 bytes).
    Removing gw1ns4c_timer.o(i.TIMER_GetValue), (4 bytes).
    Removing gw1ns4c_timer.o(i.TIMER_Init), (80 bytes).
    Removing gw1ns4c_timer.o(i.TIMER_SelExtClock), (16 bytes).
    Removing gw1ns4c_timer.o(i.TIMER_SelExtEnable), (16 bytes).
    Removing gw1ns4c_timer.o(i.TIMER_SetReload), (4 bytes).
    Removing gw1ns4c_timer.o(i.TIMER_SetValue), (4 bytes).
    Removing gw1ns4c_timer.o(i.TIMER_StartTimer), (10 bytes).
    Removing gw1ns4c_timer.o(i.TIMER_StopTimer), (10 bytes).
    Removing gw1ns4c_uart.o(i.UART_ClearRxBufferOverrunStatus), (6 bytes).
    Removing gw1ns4c_uart.o(i.UART_ClearRxIRQ), (6 bytes).
    Removing gw1ns4c_uart.o(i.UART_ClearRxOverrunIRQ), (6 bytes).
    Removing gw1ns4c_uart.o(i.UART_ClearTxBufferOverrunStatus), (6 bytes).
    Removing gw1ns4c_uart.o(i.UART_ClearTxIRQ), (6 bytes).
    Removing gw1ns4c_uart.o(i.UART_ClearTxOverrunIRQ), (6 bytes).
    Removing gw1ns4c_uart.o(i.UART_ClrHSTM), (10 bytes).
    Removing gw1ns4c_uart.o(i.UART_GetBaudDivider), (4 bytes).
    Removing gw1ns4c_uart.o(i.UART_GetRxBufferFull), (8 bytes).
    Removing gw1ns4c_uart.o(i.UART_GetRxBufferOverrunStatus), (8 bytes).
    Removing gw1ns4c_uart.o(i.UART_GetRxIRQStatus), (8 bytes).
    Removing gw1ns4c_uart.o(i.UART_GetRxOverrunIRQStatus), (8 bytes).
    Removing gw1ns4c_uart.o(i.UART_GetTxBufferFull), (8 bytes).
    Removing gw1ns4c_uart.o(i.UART_GetTxBufferOverrunStatus), (8 bytes).
    Removing gw1ns4c_uart.o(i.UART_GetTxIRQStatus), (8 bytes).
    Removing gw1ns4c_uart.o(i.UART_GetTxOverrunIRQStatus), (8 bytes).
    Removing gw1ns4c_uart.o(i.UART_ReceiveChar), (12 bytes).
    Removing gw1ns4c_uart.o(i.UART_SendString), (24 bytes).
    Removing gw1ns4c_uart.o(i.UART_SetHSTM), (10 bytes).
    Removing gw1ns4c_wdog.o(i.WDOG_ClrITModeEnable), (16 bytes).
    Removing gw1ns4c_wdog.o(i.WDOG_ClrITOP), (16 bytes).
    Removing gw1ns4c_wdog.o(i.WDOG_ClrIntEnable), (12 bytes).
    Removing gw1ns4c_wdog.o(i.WDOG_GetCounterValue), (12 bytes).
    Removing gw1ns4c_wdog.o(i.WDOG_GetITModeStatus), (16 bytes).
    Removing gw1ns4c_wdog.o(i.WDOG_GetITOPIntStatus), (20 bytes).
    Removing gw1ns4c_wdog.o(i.WDOG_GetITOPResStatus), (16 bytes).
    Removing gw1ns4c_wdog.o(i.WDOG_GetIntStatus), (16 bytes).
    Removing gw1ns4c_wdog.o(i.WDOG_GetMaskIntStatus), (16 bytes).
    Removing gw1ns4c_wdog.o(i.WDOG_GetRawIntStatus), (16 bytes).
    Removing gw1ns4c_wdog.o(i.WDOG_GetResStatus), (20 bytes).
    Removing gw1ns4c_wdog.o(i.WDOG_Init), (136 bytes).
    Removing gw1ns4c_wdog.o(i.WDOG_LockWriteAccess), (12 bytes).
    Removing gw1ns4c_wdog.o(i.WDOG_RestartCounter), (12 bytes).
    Removing gw1ns4c_wdog.o(i.WDOG_SetITModeEnable), (16 bytes).
    Removing gw1ns4c_wdog.o(i.WDOG_SetITOP), (12 bytes).
    Removing gw1ns4c_wdog.o(i.WDOG_SetIntEnable), (16 bytes).
    Removing gw1ns4c_wdog.o(i.WDOG_SetResetEnable), (16 bytes).
    Removing gw1ns4c_wdog.o(i.WDOG_UnlockWriteAccess), (16 bytes).
    Removing retarget.o(i._ferror), (6 bytes).
    Removing retarget.o(i._ttywrch), (22 bytes).
    Removing retarget.o(i.fgetc), (14 bytes).
    Removing retarget.o(.data), (4 bytes).
    Removing retarget.o(.data), (4 bytes).
    Removing systick.o(i.delay_tick), (48 bytes).
    Removing systick.o(i.delay_us), (28 bytes).
    Removing systick.o(i.getRunTimeSec), (16 bytes).

138 unused section(s) (total 2580 bytes) removed from the image.

==============================================================================

Image Symbol Table

    Local Symbols

    Symbol Name                              Value     Ov Type        Size  Object(Section)

    RESET                                    0x00000000   Section      192  startup_gw1ns4c.o(RESET)
    ../clib/angel/boardlib.s                 0x00000000   Number         0  boardshut.o ABSOLUTE
    ../clib/angel/boardlib.s                 0x00000000   Number         0  boardinit3.o ABSOLUTE
    ../clib/angel/boardlib.s                 0x00000000   Number         0  boardinit1.o ABSOLUTE
    ../clib/angel/boardlib.s                 0x00000000   Number         0  boardinit2.o ABSOLUTE
    ../clib/angel/handlers.s                 0x00000000   Number         0  __scatter_copy.o ABSOLUTE
    ../clib/angel/handlers.s                 0x00000000   Number         0  __scatter_zi.o ABSOLUTE
    ../clib/angel/kernel.s                   0x00000000   Number         0  __rtentry4.o ABSOLUTE
    ../clib/angel/kernel.s                   0x00000000   Number         0  __rtentry2.o ABSOLUTE
    ../clib/angel/kernel.s                   0x00000000   Number         0  rtexit2.o ABSOLUTE
    ../clib/angel/kernel.s                   0x00000000   Number         0  rtexit.o ABSOLUTE
    ../clib/angel/kernel.s                   0x00000000   Number         0  __rtentry.o ABSOLUTE
    ../clib/angel/rt.s                       0x00000000   Number         0  rt_raise.o ABSOLUTE
    ../clib/angel/rt.s                       0x00000000   Number         0  aeabi_ldiv0_sigfpe.o ABSOLUTE
    ../clib/angel/rt.s                       0x00000000   Number         0  aeabi_ldiv0.o ABSOLUTE
    ../clib/angel/rt.s                       0x00000000   Number         0  rt_div0.o ABSOLUTE
    ../clib/angel/scatter.s                  0x00000000   Number         0  __scatter.o ABSOLUTE
    ../clib/angel/startup.s                  0x00000000   Number         0  __main.o ABSOLUTE
    ../clib/angel/sys.s                      0x00000000   Number         0  libspace.o ABSOLUTE
    ../clib/angel/sys.s                      0x00000000   Number         0  use_no_semi.o ABSOLUTE
    ../clib/angel/sys.s                      0x00000000   Number         0  sys_stackheap_outer.o ABSOLUTE
    ../clib/angel/sys.s                      0x00000000   Number         0  indicate_semi.o ABSOLUTE
    ../clib/angel/sysapp.c                   0x00000000   Number         0  sys_command.o ABSOLUTE
    ../clib/armsys.c                         0x00000000   Number         0  argv_veneer.o ABSOLUTE
    ../clib/armsys.c                         0x00000000   Number         0  argv_veneer.o ABSOLUTE
    ../clib/armsys.c                         0x00000000   Number         0  no_argv.o ABSOLUTE
    ../clib/armsys.c                         0x00000000   Number         0  _get_argv_nomalloc.o ABSOLUTE
    ../clib/heapalloc.c                      0x00000000   Number         0  hrguard.o ABSOLUTE
    ../clib/heapaux.c                        0x00000000   Number         0  heapauxi.o ABSOLUTE
    ../clib/libinit.s                        0x00000000   Number         0  libinit.o ABSOLUTE
    ../clib/libinit.s                        0x00000000   Number         0  libshutdown.o ABSOLUTE
    ../clib/libinit.s                        0x00000000   Number         0  libinit2.o ABSOLUTE
    ../clib/libinit.s                        0x00000000   Number         0  libshutdown2.o ABSOLUTE
    ../clib/longlong.s                       0x00000000   Number         0  llsdiv.o ABSOLUTE
    ../clib/longlong.s                       0x00000000   Number         0  lludiv10.o ABSOLUTE
    ../clib/longlong.s                       0x00000000   Number         0  lludivv7m.o ABSOLUTE
    ../clib/misc.s                           0x00000000   Number         0  printf_stubs.o ABSOLUTE
    ../clib/printf.c                         0x00000000   Number         0  __printf_ss_wp.o ABSOLUTE
    ../clib/printf.c                         0x00000000   Number         0  __2printf.o ABSOLUTE
    ../clib/printf.c                         0x00000000   Number         0  __printf_ss.o ABSOLUTE
    ../clib/printf.c                         0x00000000   Number         0  __printf_flags_ss_wp.o ABSOLUTE
    ../clib/printf.c                         0x00000000   Number         0  __printf_flags_wp.o ABSOLUTE
    ../clib/printf.c                         0x00000000   Number         0  _printf_intcommon.o ABSOLUTE
    ../clib/printf.c                         0x00000000   Number         0  __printf_nopercent.o ABSOLUTE
    ../clib/printf.c                         0x00000000   Number         0  __printf_wp.o ABSOLUTE
    ../clib/printf.c                         0x00000000   Number         0  __printf_flags_ss.o ABSOLUTE
    ../clib/printf.c                         0x00000000   Number         0  __printf.o ABSOLUTE
    ../clib/printf.c                         0x00000000   Number         0  _printf_char_common.o ABSOLUTE
    ../clib/printf.c                         0x00000000   Number         0  noretval__2printf.o ABSOLUTE
    ../clib/printf.c                         0x00000000   Number         0  _printf_pad.o ABSOLUTE
    ../clib/printf.c                         0x00000000   Number         0  _printf_str.o ABSOLUTE
    ../clib/printf.c                         0x00000000   Number         0  _printf_dec.o ABSOLUTE
    ../clib/printf.c                         0x00000000   Number         0  _printf_char_file.o ABSOLUTE
    ../clib/printf.c                         0x00000000   Number         0  _printf_longlong_dec.o ABSOLUTE
    ../clib/printf.c                         0x00000000   Number         0  _printf_char.o ABSOLUTE
    ../clib/printf.c                         0x00000000   Number         0  __printf_flags.o ABSOLUTE
    ../clib/printf_percent.s                 0x00000000   Number         0  _printf_s.o ABSOLUTE
    ../clib/printf_percent.s                 0x00000000   Number         0  _printf_percent_end.o ABSOLUTE
    ../clib/printf_percent.s                 0x00000000   Number         0  _printf_d.o ABSOLUTE
    ../clib/printf_percent.s                 0x00000000   Number         0  _printf_lld.o ABSOLUTE
    ../clib/printf_percent.s                 0x00000000   Number         0  _printf_percent.o ABSOLUTE
    ../clib/printf_percent.s                 0x00000000   Number         0  _printf_c.o ABSOLUTE
    ../clib/printf_percent.s                 0x00000000   Number         0  _printf_ll.o ABSOLUTE
    ../clib/signal.c                         0x00000000   Number         0  defsig_rtred_inner.o ABSOLUTE
    ../clib/signal.c                         0x00000000   Number         0  defsig_rtmem_inner.o ABSOLUTE
    ../clib/signal.c                         0x00000000   Number         0  defsig_stak_inner.o ABSOLUTE
    ../clib/signal.c                         0x00000000   Number         0  defsig_pvfn_inner.o ABSOLUTE
    ../clib/signal.c                         0x00000000   Number         0  defsig_fpe_formal.o ABSOLUTE
    ../clib/signal.c                         0x00000000   Number         0  defsig_fpe_outer.o ABSOLUTE
    ../clib/signal.c                         0x00000000   Number         0  defsig_exit.o ABSOLUTE
    ../clib/signal.c                         0x00000000   Number         0  defsig_segv_inner.o ABSOLUTE
    ../clib/signal.c                         0x00000000   Number         0  defsig_other.o ABSOLUTE
    ../clib/signal.c                         0x00000000   Number         0  defsig_fpe_inner.o ABSOLUTE
    ../clib/signal.c                         0x00000000   Number         0  defsig_abrt_inner.o ABSOLUTE
    ../clib/signal.c                         0x00000000   Number         0  __raise.o ABSOLUTE
    ../clib/signal.c                         0x00000000   Number         0  defsig_general.o ABSOLUTE
    ../clib/signal.c                         0x00000000   Number         0  defsig_rtmem_formal.o ABSOLUTE
    ../clib/signal.c                         0x00000000   Number         0  defsig_rtmem_outer.o ABSOLUTE
    ../clib/signal.c                         0x00000000   Number         0  defsig_cppl_inner.o ABSOLUTE
    ../clib/signal.s                         0x00000000   Number         0  defsig.o ABSOLUTE
    ../clib/stdio.c                          0x00000000   Number         0  ferror_locked.o ABSOLUTE
    ../clib/stdio.c                          0x00000000   Number         0  ferror.o ABSOLUTE
    ../clib/stdlib.c                         0x00000000   Number         0  exit.o ABSOLUTE
    ../fplib/fpinit.s                        0x00000000   Number         0  fpinit.o ABSOLUTE
    ..\CORE\core_cm3.c                       0x00000000   Number         0  core_cm3.o ABSOLUTE
    ..\PERIPHERAL\Sources\gw1ns4c_gpio.c     0x00000000   Number         0  gw1ns4c_gpio.o ABSOLUTE
    ..\PERIPHERAL\Sources\gw1ns4c_i2c.c      0x00000000   Number         0  gw1ns4c_i2c.o ABSOLUTE
    ..\PERIPHERAL\Sources\gw1ns4c_misc.c     0x00000000   Number         0  gw1ns4c_misc.o ABSOLUTE
    ..\PERIPHERAL\Sources\gw1ns4c_rtc.c      0x00000000   Number         0  gw1ns4c_rtc.o ABSOLUTE
    ..\PERIPHERAL\Sources\gw1ns4c_spi.c      0x00000000   Number         0  gw1ns4c_spi.o ABSOLUTE
    ..\PERIPHERAL\Sources\gw1ns4c_syscon.c   0x00000000   Number         0  gw1ns4c_syscon.o ABSOLUTE
    ..\PERIPHERAL\Sources\gw1ns4c_timer.c    0x00000000   Number         0  gw1ns4c_timer.o ABSOLUTE
    ..\PERIPHERAL\Sources\gw1ns4c_uart.c     0x00000000   Number         0  gw1ns4c_uart.o ABSOLUTE
    ..\PERIPHERAL\Sources\gw1ns4c_wdog.c     0x00000000   Number         0  gw1ns4c_wdog.o ABSOLUTE
    ..\STARTUP\startup_gw1ns4c.s             0x00000000   Number         0  startup_gw1ns4c.o ABSOLUTE
    ..\SYSTEM\system_gw1ns4c.c               0x00000000   Number         0  system_gw1ns4c.o ABSOLUTE
    ..\USER\bender.c                         0x00000000   Number         0  bender.o ABSOLUTE
    ..\USER\gw1ns4c_it.c                     0x00000000   Number         0  gw1ns4c_it.o ABSOLUTE
    ..\USER\main.c                           0x00000000   Number         0  main.o ABSOLUTE
    ..\USER\retarget.c                       0x00000000   Number         0  retarget.o ABSOLUTE
    ..\USER\systick.c                        0x00000000   Number         0  systick.o ABSOLUTE
    ..\\CORE\\core_cm3.c                     0x00000000   Number         0  core_cm3.o ABSOLUTE
    dc.s                                     0x00000000   Number         0  dc.o ABSOLUTE
    !!!main                                  0x000000c0   Section        8  __main.o(!!!main)
    !!!scatter                               0x000000c8   Section       52  __scatter.o(!!!scatter)
    !!handler_copy                           0x000000fc   Section       26  __scatter_copy.o(!!handler_copy)
    !!handler_zi                             0x00000118   Section       28  __scatter_zi.o(!!handler_zi)
    .ARM.Collect$$_printf_percent$$00000000  0x00000134   Section        0  _printf_percent.o(.ARM.Collect$$_printf_percent$$00000000)
    .ARM.Collect$$_printf_percent$$00000007  0x00000134   Section       10  _printf_ll.o(.ARM.Collect$$_printf_percent$$00000007)
    .ARM.Collect$$_printf_percent$$00000009  0x0000013e   Section        6  _printf_d.o(.ARM.Collect$$_printf_percent$$00000009)
    .ARM.Collect$$_printf_percent$$0000000E  0x00000144   Section        6  _printf_lld.o(.ARM.Collect$$_printf_percent$$0000000E)
    .ARM.Collect$$_printf_percent$$00000013  0x0000014a   Section        6  _printf_c.o(.ARM.Collect$$_printf_percent$$00000013)
    .ARM.Collect$$_printf_percent$$00000014  0x00000150   Section        6  _printf_s.o(.ARM.Collect$$_printf_percent$$00000014)
    .ARM.Collect$$_printf_percent$$00000017  0x00000156   Section        4  _printf_percent_end.o(.ARM.Collect$$_printf_percent$$00000017)
    .ARM.Collect$$libinit$$00000000          0x0000015a   Section        2  libinit.o(.ARM.Collect$$libinit$$00000000)
    .ARM.Collect$$libinit$$00000002          0x0000015c   Section        0  libinit2.o(.ARM.Collect$$libinit$$00000002)
    .ARM.Collect$$libinit$$00000004          0x0000015c   Section        0  libinit2.o(.ARM.Collect$$libinit$$00000004)
    .ARM.Collect$$libinit$$0000000A          0x0000015c   Section        0  libinit2.o(.ARM.Collect$$libinit$$0000000A)
    .ARM.Collect$$libinit$$0000000C          0x0000015c   Section        0  libinit2.o(.ARM.Collect$$libinit$$0000000C)
    .ARM.Collect$$libinit$$0000000E          0x0000015c   Section        0  libinit2.o(.ARM.Collect$$libinit$$0000000E)
    .ARM.Collect$$libinit$$00000011          0x0000015c   Section        0  libinit2.o(.ARM.Collect$$libinit$$00000011)
    .ARM.Collect$$libinit$$00000013          0x0000015c   Section        0  libinit2.o(.ARM.Collect$$libinit$$00000013)
    .ARM.Collect$$libinit$$00000015          0x0000015c   Section        0  libinit2.o(.ARM.Collect$$libinit$$00000015)
    .ARM.Collect$$libinit$$00000017          0x0000015c   Section        0  libinit2.o(.ARM.Collect$$libinit$$00000017)
    .ARM.Collect$$libinit$$00000019          0x0000015c   Section        0  libinit2.o(.ARM.Collect$$libinit$$00000019)
    .ARM.Collect$$libinit$$0000001B          0x0000015c   Section        0  libinit2.o(.ARM.Collect$$libinit$$0000001B)
    .ARM.Collect$$libinit$$0000001D          0x0000015c   Section        0  libinit2.o(.ARM.Collect$$libinit$$0000001D)
    .ARM.Collect$$libinit$$0000001F          0x0000015c   Section        0  libinit2.o(.ARM.Collect$$libinit$$0000001F)
    .ARM.Collect$$libinit$$00000021          0x0000015c   Section        0  libinit2.o(.ARM.Collect$$libinit$$00000021)
    .ARM.Collect$$libinit$$00000023          0x0000015c   Section        0  libinit2.o(.ARM.Collect$$libinit$$00000023)
    .ARM.Collect$$libinit$$00000025          0x0000015c   Section        0  libinit2.o(.ARM.Collect$$libinit$$00000025)
    .ARM.Collect$$libinit$$0000002C          0x0000015c   Section        0  libinit2.o(.ARM.Collect$$libinit$$0000002C)
    .ARM.Collect$$libinit$$0000002E          0x0000015c   Section        0  libinit2.o(.ARM.Collect$$libinit$$0000002E)
    .ARM.Collect$$libinit$$00000030          0x0000015c   Section        0  libinit2.o(.ARM.Collect$$libinit$$00000030)
    .ARM.Collect$$libinit$$00000032          0x0000015c   Section        0  libinit2.o(.ARM.Collect$$libinit$$00000032)
    .ARM.Collect$$libinit$$00000033          0x0000015c   Section        2  libinit2.o(.ARM.Collect$$libinit$$00000033)
    .ARM.Collect$$libshutdown$$00000000      0x0000015e   Section        2  libshutdown.o(.ARM.Collect$$libshutdown$$00000000)
    .ARM.Collect$$libshutdown$$00000002      0x00000160   Section        0  libshutdown2.o(.ARM.Collect$$libshutdown$$00000002)
    .ARM.Collect$$libshutdown$$00000004      0x00000160   Section        0  libshutdown2.o(.ARM.Collect$$libshutdown$$00000004)
    .ARM.Collect$$libshutdown$$00000006      0x00000160   Section        0  libshutdown2.o(.ARM.Collect$$libshutdown$$00000006)
    .ARM.Collect$$libshutdown$$00000009      0x00000160   Section        0  libshutdown2.o(.ARM.Collect$$libshutdown$$00000009)
    .ARM.Collect$$libshutdown$$0000000C      0x00000160   Section        0  libshutdown2.o(.ARM.Collect$$libshutdown$$0000000C)
    .ARM.Collect$$libshutdown$$0000000E      0x00000160   Section        0  libshutdown2.o(.ARM.Collect$$libshutdown$$0000000E)
    .ARM.Collect$$libshutdown$$00000011      0x00000160   Section        0  libshutdown2.o(.ARM.Collect$$libshutdown$$00000011)
    .ARM.Collect$$libshutdown$$00000012      0x00000160   Section        2  libshutdown2.o(.ARM.Collect$$libshutdown$$00000012)
    .ARM.Collect$$rtentry$$00000000          0x00000162   Section        0  __rtentry.o(.ARM.Collect$$rtentry$$00000000)
    .ARM.Collect$$rtentry$$00000002          0x00000162   Section        0  __rtentry2.o(.ARM.Collect$$rtentry$$00000002)
    .ARM.Collect$$rtentry$$00000004          0x00000162   Section        6  __rtentry4.o(.ARM.Collect$$rtentry$$00000004)
    .ARM.Collect$$rtentry$$00000009          0x00000168   Section        0  __rtentry2.o(.ARM.Collect$$rtentry$$00000009)
    .ARM.Collect$$rtentry$$0000000A          0x00000168   Section        4  __rtentry2.o(.ARM.Collect$$rtentry$$0000000A)
    .ARM.Collect$$rtentry$$0000000C          0x0000016c   Section        0  __rtentry2.o(.ARM.Collect$$rtentry$$0000000C)
    .ARM.Collect$$rtentry$$0000000D          0x0000016c   Section        8  __rtentry2.o(.ARM.Collect$$rtentry$$0000000D)
    .ARM.Collect$$rtexit$$00000000           0x00000174   Section        2  rtexit.o(.ARM.Collect$$rtexit$$00000000)
    .ARM.Collect$$rtexit$$00000002           0x00000176   Section        0  rtexit2.o(.ARM.Collect$$rtexit$$00000002)
    .ARM.Collect$$rtexit$$00000003           0x00000176   Section        4  rtexit2.o(.ARM.Collect$$rtexit$$00000003)
    .ARM.Collect$$rtexit$$00000004           0x0000017a   Section        6  rtexit2.o(.ARM.Collect$$rtexit$$00000004)
    .text                                    0x00000180   Section       64  startup_gw1ns4c.o(.text)
    .text                                    0x000001c0   Section        2  use_no_semi.o(.text)
    .text                                    0x000001c2   Section       72  llsdiv.o(.text)
    .text                                    0x0000020c   Section        0  noretval__2printf.o(.text)
    .text                                    0x00000224   Section        0  _printf_pad.o(.text)
    .text                                    0x00000272   Section        0  _printf_str.o(.text)
    .text                                    0x000002c4   Section        0  _printf_dec.o(.text)
    .text                                    0x0000033c   Section        0  _printf_longlong_dec.o(.text)
    .text                                    0x000003b8   Section        0  __printf_ss_wp.o(.text)
    .text                                    0x00000518   Section        0  heapauxi.o(.text)
    .text                                    0x0000051e   Section      238  lludivv7m.o(.text)
    .text                                    0x0000060c   Section      138  lludiv10.o(.text)
    .text                                    0x00000696   Section        0  _printf_intcommon.o(.text)
    .text                                    0x00000748   Section        0  _printf_char.o(.text)
    .text                                    0x00000774   Section        0  _printf_char_file.o(.text)
    .text                                    0x00000798   Section        0  _printf_char_common.o(.text)
    _printf_input_char                       0x00000799   Thumb Code    10  _printf_char_common.o(.text)
    .text                                    0x000007c8   Section        0  ferror.o(.text)
    .text                                    0x000007d0   Section       74  sys_stackheap_outer.o(.text)
    .text                                    0x0000081a   Section        0  exit.o(.text)
    .text                                    0x0000082c   Section        8  libspace.o(.text)
    i.BusFault_Handler                       0x00000834   Section        0  gw1ns4c_it.o(i.BusFault_Handler)
    i.DebugMon_Handler                       0x00000836   Section        0  gw1ns4c_it.o(i.DebugMon_Handler)
    i.GPIOInit                               0x00000838   Section        0  main.o(i.GPIOInit)
    i.GPIO_Init                              0x00000860   Section        0  gw1ns4c_gpio.o(i.GPIO_Init)
    i.GPIO_ResetBit                          0x00000914   Section        0  gw1ns4c_gpio.o(i.GPIO_ResetBit)
    i.GPIO_SetBit                            0x0000091c   Section        0  gw1ns4c_gpio.o(i.GPIO_SetBit)
    i.HardFault_Handler                      0x00000924   Section        0  gw1ns4c_it.o(i.HardFault_Handler)
    i.I2C_Handler                            0x00000926   Section        0  gw1ns4c_it.o(i.I2C_Handler)
    i.MemManage_Handler                      0x00000928   Section        0  gw1ns4c_it.o(i.MemManage_Handler)
    i.NMI_Handler                            0x0000092a   Section        0  gw1ns4c_it.o(i.NMI_Handler)
    i.PORT0_0_Handler                        0x0000092c   Section        0  gw1ns4c_it.o(i.PORT0_0_Handler)
    i.PORT0_10_Handler                       0x0000092e   Section        0  gw1ns4c_it.o(i.PORT0_10_Handler)
    i.PORT0_11_Handler                       0x00000930   Section        0  gw1ns4c_it.o(i.PORT0_11_Handler)
    i.PORT0_12_Handler                       0x00000932   Section        0  gw1ns4c_it.o(i.PORT0_12_Handler)
    i.PORT0_13_Handler                       0x00000934   Section        0  gw1ns4c_it.o(i.PORT0_13_Handler)
    i.PORT0_14_Handler                       0x00000936   Section        0  gw1ns4c_it.o(i.PORT0_14_Handler)
    i.PORT0_15_Handler                       0x00000938   Section        0  gw1ns4c_it.o(i.PORT0_15_Handler)
    i.PORT0_1_Handler                        0x0000093a   Section        0  gw1ns4c_it.o(i.PORT0_1_Handler)
    i.PORT0_2_Handler                        0x0000093c   Section        0  gw1ns4c_it.o(i.PORT0_2_Handler)
    i.PORT0_3_Handler                        0x0000093e   Section        0  gw1ns4c_it.o(i.PORT0_3_Handler)
    i.PORT0_4_Handler                        0x00000940   Section        0  gw1ns4c_it.o(i.PORT0_4_Handler)
    i.PORT0_5_Handler                        0x00000942   Section        0  gw1ns4c_it.o(i.PORT0_5_Handler)
    i.PORT0_6_Handler                        0x00000944   Section        0  gw1ns4c_it.o(i.PORT0_6_Handler)
    i.PORT0_7_Handler                        0x00000946   Section        0  gw1ns4c_it.o(i.PORT0_7_Handler)
    i.PORT0_8_Handler                        0x00000948   Section        0  gw1ns4c_it.o(i.PORT0_8_Handler)
    i.PORT0_9_Handler                        0x0000094a   Section        0  gw1ns4c_it.o(i.PORT0_9_Handler)
    i.PendSV_Handler                         0x0000094c   Section        0  gw1ns4c_it.o(i.PendSV_Handler)
    i.RTC_Handler                            0x0000094e   Section        0  gw1ns4c_it.o(i.RTC_Handler)
    i.SVC_Handler                            0x00000950   Section        0  gw1ns4c_it.o(i.SVC_Handler)
    i.SysTick_CLKSourceConfig                0x00000952   Section        0  gw1ns4c_misc.o(i.SysTick_CLKSourceConfig)
    i.SysTick_Handler                        0x00000960   Section        0  systick.o(i.SysTick_Handler)
    i.SysTick_init                           0x0000098c   Section        0  systick.o(i.SysTick_init)
    i.SystemCoreClockUpdate                  0x000009d8   Section        0  system_gw1ns4c.o(i.SystemCoreClockUpdate)
    i.SystemInit                             0x000009f0   Section        0  system_gw1ns4c.o(i.SystemInit)
    i.TIMER0_Handler                         0x00000a08   Section        0  gw1ns4c_it.o(i.TIMER0_Handler)
    i.TIMER1_Handler                         0x00000a0a   Section        0  gw1ns4c_it.o(i.TIMER1_Handler)
    i.UART0_Handler                          0x00000a0c   Section        0  gw1ns4c_it.o(i.UART0_Handler)
    i.UART1_Handler                          0x00000a0e   Section        0  gw1ns4c_it.o(i.UART1_Handler)
    i.UART_Init                              0x00000a10   Section        0  gw1ns4c_uart.o(i.UART_Init)
    i.UART_SendChar                          0x00000a88   Section        0  gw1ns4c_uart.o(i.UART_SendChar)
    i.USER_INT0_Handler                      0x00000a92   Section        0  gw1ns4c_it.o(i.USER_INT0_Handler)
    i.USER_INT1_Handler                      0x00000a94   Section        0  gw1ns4c_it.o(i.USER_INT1_Handler)
    i.USER_INT2_Handler                      0x00000a96   Section        0  gw1ns4c_it.o(i.USER_INT2_Handler)
    i.USER_INT3_Handler                      0x00000a98   Section        0  gw1ns4c_it.o(i.USER_INT3_Handler)
    i.USER_INT4_Handler                      0x00000a9a   Section        0  gw1ns4c_it.o(i.USER_INT4_Handler)
    i.USER_INT5_Handler                      0x00000a9c   Section        0  gw1ns4c_it.o(i.USER_INT5_Handler)
    i.UartInit                               0x00000a9e   Section        0  main.o(i.UartInit)
    i.UsageFault_Handler                     0x00000ad2   Section        0  gw1ns4c_it.o(i.UsageFault_Handler)
    i._is_digit                              0x00000ad4   Section        0  __printf_wp.o(i._is_digit)
    i._sys_exit                              0x00000ae2   Section        0  retarget.o(i._sys_exit)
    i.delay_us_last                          0x00000ae4   Section        0  systick.o(i.delay_us_last)
    i.fputc                                  0x00000b08   Section        0  retarget.o(i.fputc)
    i.getRunTime                             0x00000b24   Section        0  systick.o(i.getRunTime)
    i.getTime                                0x00000b78   Section        0  systick.o(i.getTime)
    i.initTime                               0x00000b90   Section        0  systick.o(i.initTime)
    i.main                                   0x00000ba4   Section        0  main.o(i.main)
    i.printBender                            0x00000c58   Section        0  bender.o(i.printBender)
    i.printTime                              0x000011b0   Section        0  systick.o(i.printTime)
    .conststring                             0x000011dc   Section     2355  bender.o(.conststring)
    .data                                    0x20000000   Section       16  system_gw1ns4c.o(.data)
    .data                                    0x20000010   Section        4  retarget.o(.data)
    .data                                    0x20000018   Section       32  systick.o(.data)
    sec10cnt                                 0x20000018   Data           1  systick.o(.data)
    .bss                                     0x20000038   Section       96  libspace.o(.bss)
    HEAP                                     0x20000098   Section      512  startup_gw1ns4c.o(HEAP)
    Heap_Mem                                 0x20000098   Data         512  startup_gw1ns4c.o(HEAP)
    STACK                                    0x20000298   Section     1024  startup_gw1ns4c.o(STACK)
    Stack_Mem                                0x20000298   Data        1024  startup_gw1ns4c.o(STACK)
    __initial_sp                             0x20000698   Data           0  startup_gw1ns4c.o(STACK)

    Global Symbols

    Symbol Name                              Value     Ov Type        Size  Object(Section)

    BuildAttributes$$THM_ISAv4$P$D$K$B$S$PE$A:L22UL41UL21$X:L11$S22US41US21$IEEE1$IW$USESV6$~STKCKD$USESV7$~SHL$OSPACE$ROPI$EBA8$UX$STANDARDLIB$REQ8$PRES8$EABIv2 0x00000000   Number         0  anon$$obj.o ABSOLUTE
    __ARM_use_no_argv                        0x00000000   Number         0  main.o ABSOLUTE
    __Vectors                                0x00000000   Data           4  startup_gw1ns4c.o(RESET)
    _printf_flags                            0x00000000   Number         0  printf_stubs.o ABSOLUTE
    _printf_return_value                     0x00000000   Number         0  printf_stubs.o ABSOLUTE
    _printf_sizespec                         0x00000000   Number         0  printf_stubs.o ABSOLUTE
    _printf_widthprec                        0x00000000   Number         0  printf_stubs.o ABSOLUTE
    __ARM_exceptions_init                     - Undefined Weak Reference
    __alloca_initialize                       - Undefined Weak Reference
    __arm_fini_                               - Undefined Weak Reference
    __arm_preinit_                            - Undefined Weak Reference
    __cpp_initialize__aeabi_                  - Undefined Weak Reference
    __cxa_finalize                            - Undefined Weak Reference
    __rt_locale                               - Undefined Weak Reference
    __sigvec_lookup                           - Undefined Weak Reference
    _atexit_init                              - Undefined Weak Reference
    _call_atexit_fns                          - Undefined Weak Reference
    _clock_init                               - Undefined Weak Reference
    _fp_trap_init                             - Undefined Weak Reference
    _fp_trap_shutdown                         - Undefined Weak Reference
    _get_lc_collate                           - Undefined Weak Reference
    _get_lc_ctype                             - Undefined Weak Reference
    _get_lc_monetary                          - Undefined Weak Reference
    _get_lc_numeric                           - Undefined Weak Reference
    _get_lc_time                              - Undefined Weak Reference
    _getenv_init                              - Undefined Weak Reference
    _handle_redirection                       - Undefined Weak Reference
    _init_alloc                               - Undefined Weak Reference
    _init_user_alloc                          - Undefined Weak Reference
    _initio                                   - Undefined Weak Reference
    _mutex_acquire                            - Undefined Weak Reference
    _mutex_release                            - Undefined Weak Reference
    _printf_mbtowc                            - Undefined Weak Reference
    _printf_truncate_signed                   - Undefined Weak Reference
    _printf_truncate_unsigned                 - Undefined Weak Reference
    _rand_init                                - Undefined Weak Reference
    _signal_finish                            - Undefined Weak Reference
    _signal_init                              - Undefined Weak Reference
    _terminate_alloc                          - Undefined Weak Reference
    _terminate_user_alloc                     - Undefined Weak Reference
    _terminateio                              - Undefined Weak Reference
    __Vectors_End                            0x000000c0   Data           0  startup_gw1ns4c.o(RESET)
    __Vectors_Size                           0x000000c0   Number         0  startup_gw1ns4c.o ABSOLUTE
    __main                                   0x000000c1   Thumb Code     8  __main.o(!!!main)
    __scatterload                            0x000000c9   Thumb Code     0  __scatter.o(!!!scatter)
    __scatterload_rt2                        0x000000c9   Thumb Code    44  __scatter.o(!!!scatter)
    __scatterload_rt2_thumb_only             0x000000c9   Thumb Code     0  __scatter.o(!!!scatter)
    __scatterload_null                       0x000000d7   Thumb Code     0  __scatter.o(!!!scatter)
    __scatterload_copy                       0x000000fd   Thumb Code    26  __scatter_copy.o(!!handler_copy)
    __scatterload_zeroinit                   0x00000119   Thumb Code    28  __scatter_zi.o(!!handler_zi)
    _printf_ll                               0x00000135   Thumb Code     0  _printf_ll.o(.ARM.Collect$$_printf_percent$$00000007)
    _printf_percent                          0x00000135   Thumb Code     0  _printf_percent.o(.ARM.Collect$$_printf_percent$$00000000)
    _printf_d                                0x0000013f   Thumb Code     0  _printf_d.o(.ARM.Collect$$_printf_percent$$00000009)
    _printf_lld                              0x00000145   Thumb Code     0  _printf_lld.o(.ARM.Collect$$_printf_percent$$0000000E)
    _printf_c                                0x0000014b   Thumb Code     0  _printf_c.o(.ARM.Collect$$_printf_percent$$00000013)
    _printf_s                                0x00000151   Thumb Code     0  _printf_s.o(.ARM.Collect$$_printf_percent$$00000014)
    _printf_percent_end                      0x00000157   Thumb Code     0  _printf_percent_end.o(.ARM.Collect$$_printf_percent$$00000017)
    __rt_lib_init                            0x0000015b   Thumb Code     0  libinit.o(.ARM.Collect$$libinit$$00000000)
    __rt_lib_init_alloca_1                   0x0000015d   Thumb Code     0  libinit2.o(.ARM.Collect$$libinit$$0000002E)
    __rt_lib_init_argv_1                     0x0000015d   Thumb Code     0  libinit2.o(.ARM.Collect$$libinit$$0000002C)
    __rt_lib_init_atexit_1                   0x0000015d   Thumb Code     0  libinit2.o(.ARM.Collect$$libinit$$0000001B)
    __rt_lib_init_clock_1                    0x0000015d   Thumb Code     0  libinit2.o(.ARM.Collect$$libinit$$00000021)
    __rt_lib_init_cpp_1                      0x0000015d   Thumb Code     0  libinit2.o(.ARM.Collect$$libinit$$00000032)
    __rt_lib_init_exceptions_1               0x0000015d   Thumb Code     0  libinit2.o(.ARM.Collect$$libinit$$00000030)
    __rt_lib_init_fp_1                       0x0000015d   Thumb Code     0  libinit2.o(.ARM.Collect$$libinit$$00000002)
    __rt_lib_init_fp_trap_1                  0x0000015d   Thumb Code     0  libinit2.o(.ARM.Collect$$libinit$$0000001F)
    __rt_lib_init_getenv_1                   0x0000015d   Thumb Code     0  libinit2.o(.ARM.Collect$$libinit$$00000023)
    __rt_lib_init_heap_1                     0x0000015d   Thumb Code     0  libinit2.o(.ARM.Collect$$libinit$$0000000A)
    __rt_lib_init_lc_collate_1               0x0000015d   Thumb Code     0  libinit2.o(.ARM.Collect$$libinit$$00000011)
    __rt_lib_init_lc_ctype_1                 0x0000015d   Thumb Code     0  libinit2.o(.ARM.Collect$$libinit$$00000013)
    __rt_lib_init_lc_monetary_1              0x0000015d   Thumb Code     0  libinit2.o(.ARM.Collect$$libinit$$00000015)
    __rt_lib_init_lc_numeric_1               0x0000015d   Thumb Code     0  libinit2.o(.ARM.Collect$$libinit$$00000017)
    __rt_lib_init_lc_time_1                  0x0000015d   Thumb Code     0  libinit2.o(.ARM.Collect$$libinit$$00000019)
    __rt_lib_init_preinit_1                  0x0000015d   Thumb Code     0  libinit2.o(.ARM.Collect$$libinit$$00000004)
    __rt_lib_init_rand_1                     0x0000015d   Thumb Code     0  libinit2.o(.ARM.Collect$$libinit$$0000000E)
    __rt_lib_init_return                     0x0000015d   Thumb Code     0  libinit2.o(.ARM.Collect$$libinit$$00000033)
    __rt_lib_init_signal_1                   0x0000015d   Thumb Code     0  libinit2.o(.ARM.Collect$$libinit$$0000001D)
    __rt_lib_init_stdio_1                    0x0000015d   Thumb Code     0  libinit2.o(.ARM.Collect$$libinit$$00000025)
    __rt_lib_init_user_alloc_1               0x0000015d   Thumb Code     0  libinit2.o(.ARM.Collect$$libinit$$0000000C)
    __rt_lib_shutdown                        0x0000015f   Thumb Code     0  libshutdown.o(.ARM.Collect$$libshutdown$$00000000)
    __rt_lib_shutdown_cpp_1                  0x00000161   Thumb Code     0  libshutdown2.o(.ARM.Collect$$libshutdown$$00000004)
    __rt_lib_shutdown_fini_1                 0x00000161   Thumb Code     0  libshutdown2.o(.ARM.Collect$$libshutdown$$00000002)
    __rt_lib_shutdown_fp_trap_1              0x00000161   Thumb Code     0  libshutdown2.o(.ARM.Collect$$libshutdown$$00000009)
    __rt_lib_shutdown_heap_1                 0x00000161   Thumb Code     0  libshutdown2.o(.ARM.Collect$$libshutdown$$00000011)
    __rt_lib_shutdown_return                 0x00000161   Thumb Code     0  libshutdown2.o(.ARM.Collect$$libshutdown$$00000012)
    __rt_lib_shutdown_signal_1               0x00000161   Thumb Code     0  libshutdown2.o(.ARM.Collect$$libshutdown$$0000000C)
    __rt_lib_shutdown_stdio_1                0x00000161   Thumb Code     0  libshutdown2.o(.ARM.Collect$$libshutdown$$00000006)
    __rt_lib_shutdown_user_alloc_1           0x00000161   Thumb Code     0  libshutdown2.o(.ARM.Collect$$libshutdown$$0000000E)
    __rt_entry                               0x00000163   Thumb Code     0  __rtentry.o(.ARM.Collect$$rtentry$$00000000)
    __rt_entry_presh_1                       0x00000163   Thumb Code     0  __rtentry2.o(.ARM.Collect$$rtentry$$00000002)
    __rt_entry_sh                            0x00000163   Thumb Code     0  __rtentry4.o(.ARM.Collect$$rtentry$$00000004)
    __rt_entry_li                            0x00000169   Thumb Code     0  __rtentry2.o(.ARM.Collect$$rtentry$$0000000A)
    __rt_entry_postsh_1                      0x00000169   Thumb Code     0  __rtentry2.o(.ARM.Collect$$rtentry$$00000009)
    __rt_entry_main                          0x0000016d   Thumb Code     0  __rtentry2.o(.ARM.Collect$$rtentry$$0000000D)
    __rt_entry_postli_1                      0x0000016d   Thumb Code     0  __rtentry2.o(.ARM.Collect$$rtentry$$0000000C)
    __rt_exit                                0x00000175   Thumb Code     0  rtexit.o(.ARM.Collect$$rtexit$$00000000)
    __rt_exit_ls                             0x00000177   Thumb Code     0  rtexit2.o(.ARM.Collect$$rtexit$$00000003)
    __rt_exit_prels_1                        0x00000177   Thumb Code     0  rtexit2.o(.ARM.Collect$$rtexit$$00000002)
    __rt_exit_exit                           0x0000017b   Thumb Code     0  rtexit2.o(.ARM.Collect$$rtexit$$00000004)
    Reset_Handler                            0x00000181   Thumb Code     8  startup_gw1ns4c.o(.text)
    PORT0_COMB_Handler                       0x0000019b   Thumb Code     0  startup_gw1ns4c.o(.text)
    Spare15_Handler                          0x0000019b   Thumb Code     0  startup_gw1ns4c.o(.text)
    UARTOVF_Handler                          0x0000019b   Thumb Code     0  startup_gw1ns4c.o(.text)
    __user_initial_stackheap                 0x0000019d   Thumb Code    10  startup_gw1ns4c.o(.text)
    __I$use$semihosting                      0x000001c1   Thumb Code     0  use_no_semi.o(.text)
    __use_no_semihosting_swi                 0x000001c1   Thumb Code     2  use_no_semi.o(.text)
    __aeabi_ldivmod                          0x000001c3   Thumb Code     0  llsdiv.o(.text)
    _ll_sdiv                                 0x000001c3   Thumb Code    72  llsdiv.o(.text)
    __2printf                                0x0000020d   Thumb Code    20  noretval__2printf.o(.text)
    _printf_pre_padding                      0x00000225   Thumb Code    44  _printf_pad.o(.text)
    _printf_post_padding                     0x00000251   Thumb Code    34  _printf_pad.o(.text)
    _printf_str                              0x00000273   Thumb Code    82  _printf_str.o(.text)
    _printf_int_dec                          0x000002c5   Thumb Code   104  _printf_dec.o(.text)
    _printf_longlong_dec                     0x0000033d   Thumb Code   108  _printf_longlong_dec.o(.text)
    __printf                                 0x000003b9   Thumb Code   352  __printf_ss_wp.o(.text)
    __use_two_region_memory                  0x00000519   Thumb Code     2  heapauxi.o(.text)
    __rt_heap_escrow$2region                 0x0000051b   Thumb Code     2  heapauxi.o(.text)
    __rt_heap_expand$2region                 0x0000051d   Thumb Code     2  heapauxi.o(.text)
    __aeabi_uldivmod                         0x0000051f   Thumb Code     0  lludivv7m.o(.text)
    _ll_udiv                                 0x0000051f   Thumb Code   238  lludivv7m.o(.text)
    _ll_udiv10                               0x0000060d   Thumb Code   138  lludiv10.o(.text)
    _printf_int_common                       0x00000697   Thumb Code   178  _printf_intcommon.o(.text)
    _printf_cs_common                        0x00000749   Thumb Code    20  _printf_char.o(.text)
    _printf_char                             0x0000075d   Thumb Code    16  _printf_char.o(.text)
    _printf_string                           0x0000076d   Thumb Code     8  _printf_char.o(.text)
    _printf_char_file                        0x00000775   Thumb Code    32  _printf_char_file.o(.text)
    _printf_char_common                      0x000007a3   Thumb Code    32  _printf_char_common.o(.text)
    ferror                                   0x000007c9   Thumb Code     8  ferror.o(.text)
    __user_setup_stackheap                   0x000007d1   Thumb Code    74  sys_stackheap_outer.o(.text)
    exit                                     0x0000081b   Thumb Code    18  exit.o(.text)
    __user_libspace                          0x0000082d   Thumb Code     8  libspace.o(.text)
    __user_perproc_libspace                  0x0000082d   Thumb Code     0  libspace.o(.text)
    __user_perthread_libspace                0x0000082d   Thumb Code     0  libspace.o(.text)
    BusFault_Handler                         0x00000835   Thumb Code     2  gw1ns4c_it.o(i.BusFault_Handler)
    DebugMon_Handler                         0x00000837   Thumb Code     2  gw1ns4c_it.o(i.DebugMon_Handler)
    GPIOInit                                 0x00000839   Thumb Code    36  main.o(i.GPIOInit)
    GPIO_Init                                0x00000861   Thumb Code   180  gw1ns4c_gpio.o(i.GPIO_Init)
    GPIO_ResetBit                            0x00000915   Thumb Code     8  gw1ns4c_gpio.o(i.GPIO_ResetBit)
    GPIO_SetBit                              0x0000091d   Thumb Code     8  gw1ns4c_gpio.o(i.GPIO_SetBit)
    HardFault_Handler                        0x00000925   Thumb Code     2  gw1ns4c_it.o(i.HardFault_Handler)
    I2C_Handler                              0x00000927   Thumb Code     2  gw1ns4c_it.o(i.I2C_Handler)
    MemManage_Handler                        0x00000929   Thumb Code     2  gw1ns4c_it.o(i.MemManage_Handler)
    NMI_Handler                              0x0000092b   Thumb Code     2  gw1ns4c_it.o(i.NMI_Handler)
    PORT0_0_Handler                          0x0000092d   Thumb Code     2  gw1ns4c_it.o(i.PORT0_0_Handler)
    PORT0_10_Handler                         0x0000092f   Thumb Code     2  gw1ns4c_it.o(i.PORT0_10_Handler)
    PORT0_11_Handler                         0x00000931   Thumb Code     2  gw1ns4c_it.o(i.PORT0_11_Handler)
    PORT0_12_Handler                         0x00000933   Thumb Code     2  gw1ns4c_it.o(i.PORT0_12_Handler)
    PORT0_13_Handler                         0x00000935   Thumb Code     2  gw1ns4c_it.o(i.PORT0_13_Handler)
    PORT0_14_Handler                         0x00000937   Thumb Code     2  gw1ns4c_it.o(i.PORT0_14_Handler)
    PORT0_15_Handler                         0x00000939   Thumb Code     2  gw1ns4c_it.o(i.PORT0_15_Handler)
    PORT0_1_Handler                          0x0000093b   Thumb Code     2  gw1ns4c_it.o(i.PORT0_1_Handler)
    PORT0_2_Handler                          0x0000093d   Thumb Code     2  gw1ns4c_it.o(i.PORT0_2_Handler)
    PORT0_3_Handler                          0x0000093f   Thumb Code     2  gw1ns4c_it.o(i.PORT0_3_Handler)
    PORT0_4_Handler                          0x00000941   Thumb Code     2  gw1ns4c_it.o(i.PORT0_4_Handler)
    PORT0_5_Handler                          0x00000943   Thumb Code     2  gw1ns4c_it.o(i.PORT0_5_Handler)
    PORT0_6_Handler                          0x00000945   Thumb Code     2  gw1ns4c_it.o(i.PORT0_6_Handler)
    PORT0_7_Handler                          0x00000947   Thumb Code     2  gw1ns4c_it.o(i.PORT0_7_Handler)
    PORT0_8_Handler                          0x00000949   Thumb Code     2  gw1ns4c_it.o(i.PORT0_8_Handler)
    PORT0_9_Handler                          0x0000094b   Thumb Code     2  gw1ns4c_it.o(i.PORT0_9_Handler)
    PendSV_Handler                           0x0000094d   Thumb Code     2  gw1ns4c_it.o(i.PendSV_Handler)
    RTC_Handler                              0x0000094f   Thumb Code     2  gw1ns4c_it.o(i.RTC_Handler)
    SVC_Handler                              0x00000951   Thumb Code     2  gw1ns4c_it.o(i.SVC_Handler)
    SysTick_CLKSourceConfig                  0x00000953   Thumb Code    14  gw1ns4c_misc.o(i.SysTick_CLKSourceConfig)
    SysTick_Handler                          0x00000961   Thumb Code    40  systick.o(i.SysTick_Handler)
    SysTick_init                             0x0000098d   Thumb Code    64  systick.o(i.SysTick_init)
    SystemCoreClockUpdate                    0x000009d9   Thumb Code    14  system_gw1ns4c.o(i.SystemCoreClockUpdate)
    SystemInit                               0x000009f1   Thumb Code    14  system_gw1ns4c.o(i.SystemInit)
    TIMER0_Handler                           0x00000a09   Thumb Code     2  gw1ns4c_it.o(i.TIMER0_Handler)
    TIMER1_Handler                           0x00000a0b   Thumb Code     2  gw1ns4c_it.o(i.TIMER1_Handler)
    UART0_Handler                            0x00000a0d   Thumb Code     2  gw1ns4c_it.o(i.UART0_Handler)
    UART1_Handler                            0x00000a0f   Thumb Code     2  gw1ns4c_it.o(i.UART1_Handler)
    UART_Init                                0x00000a11   Thumb Code   116  gw1ns4c_uart.o(i.UART_Init)
    UART_SendChar                            0x00000a89   Thumb Code    10  gw1ns4c_uart.o(i.UART_SendChar)
    USER_INT0_Handler                        0x00000a93   Thumb Code     2  gw1ns4c_it.o(i.USER_INT0_Handler)
    USER_INT1_Handler                        0x00000a95   Thumb Code     2  gw1ns4c_it.o(i.USER_INT1_Handler)
    USER_INT2_Handler                        0x00000a97   Thumb Code     2  gw1ns4c_it.o(i.USER_INT2_Handler)
    USER_INT3_Handler                        0x00000a99   Thumb Code     2  gw1ns4c_it.o(i.USER_INT3_Handler)
    USER_INT4_Handler                        0x00000a9b   Thumb Code     2  gw1ns4c_it.o(i.USER_INT4_Handler)
    USER_INT5_Handler                        0x00000a9d   Thumb Code     2  gw1ns4c_it.o(i.USER_INT5_Handler)
    UartInit                                 0x00000a9f   Thumb Code    52  main.o(i.UartInit)
    UsageFault_Handler                       0x00000ad3   Thumb Code     2  gw1ns4c_it.o(i.UsageFault_Handler)
    _is_digit                                0x00000ad5   Thumb Code    14  __printf_wp.o(i._is_digit)
    _sys_exit                                0x00000ae3   Thumb Code     2  retarget.o(i._sys_exit)
    delay_us_last                            0x00000ae5   Thumb Code    32  systick.o(i.delay_us_last)
    fputc                                    0x00000b09   Thumb Code    26  retarget.o(i.fputc)
    getRunTime                               0x00000b25   Thumb Code    70  systick.o(i.getRunTime)
    getTime                                  0x00000b79   Thumb Code    20  systick.o(i.getTime)
    initTime                                 0x00000b91   Thumb Code    14  systick.o(i.initTime)
    main                                     0x00000ba5   Thumb Code    88  main.o(i.main)
    printBender                              0x00000c59   Thumb Code  1362  bender.o(i.printBender)
    printTime                                0x000011b1   Thumb Code    24  systick.o(i.printTime)
    Region$$Table$$Base                      0x00001b10   Number         0  anon$$obj.o(Region$$Table)
    Region$$Table$$Limit                     0x00001b30   Number         0  anon$$obj.o(Region$$Table)
    SystemCoreClock                          0x20000000   Data           4  system_gw1ns4c.o(.data)
    PCLK1                                    0x20000004   Data           4  system_gw1ns4c.o(.data)
    PCLK2                                    0x20000008   Data           4  system_gw1ns4c.o(.data)
    HCLK                                     0x2000000c   Data           4  system_gw1ns4c.o(.data)
    __stdout                                 0x20000010   Data           4  retarget.o(.data)
    tickSec10                                0x2000001c   Data           4  systick.o(.data)
    systick_callback                         0x20000020   Data           4  systick.o(.data)
    SysTick_Frequency                        0x20000024   Data           4  systick.o(.data)
    start_us                                 0x20000028   Data           8  systick.o(.data)
    delay_start_us                           0x20000030   Data           8  systick.o(.data)
    __libspace_start                         0x20000038   Data          96  libspace.o(.bss)
    __temporary_stack_top$libspace           0x20000098   Data           0  libspace.o(.bss)



==============================================================================

Memory Map of the image

  Image Entry point : 0x000000c1

  Load Region LR_IROM1 (Base: 0x00000000, Size: 0x00001b68, Max: 0x00008000, ABSOLUTE)

    Execution Region ER_IROM1 (Exec base: 0x00000000, Load base: 0x00000000, Size: 0x00001b30, Max: 0x00008000, ABSOLUTE)

    Exec Addr    Load Addr    Size         Type   Attr      Idx    E Section Name        Object

    0x00000000   0x00000000   0x000000c0   Data   RO           19    RESET               startup_gw1ns4c.o
    0x000000c0   0x000000c0   0x00000008   Code   RO         1396  * !!!main             c_w.l(__main.o)
    0x000000c8   0x000000c8   0x00000034   Code   RO         1579    !!!scatter          c_w.l(__scatter.o)
    0x000000fc   0x000000fc   0x0000001a   Code   RO         1581    !!handler_copy      c_w.l(__scatter_copy.o)
    0x00000116   0x00000116   0x00000002   PAD
    0x00000118   0x00000118   0x0000001c   Code   RO         1583    !!handler_zi        c_w.l(__scatter_zi.o)
    0x00000134   0x00000134   0x00000000   Code   RO         1392    .ARM.Collect$$_printf_percent$$00000000  c_w.l(_printf_percent.o)
    0x00000134   0x00000134   0x0000000a   Code   RO         1410    .ARM.Collect$$_printf_percent$$00000007  c_w.l(_printf_ll.o)
    0x0000013e   0x0000013e   0x00000006   Code   RO         1391    .ARM.Collect$$_printf_percent$$00000009  c_w.l(_printf_d.o)
    0x00000144   0x00000144   0x00000006   Code   RO         1393    .ARM.Collect$$_printf_percent$$0000000E  c_w.l(_printf_lld.o)
    0x0000014a   0x0000014a   0x00000006   Code   RO         1389    .ARM.Collect$$_printf_percent$$00000013  c_w.l(_printf_c.o)
    0x00000150   0x00000150   0x00000006   Code   RO         1390    .ARM.Collect$$_printf_percent$$00000014  c_w.l(_printf_s.o)
    0x00000156   0x00000156   0x00000004   Code   RO         1409    .ARM.Collect$$_printf_percent$$00000017  c_w.l(_printf_percent_end.o)
    0x0000015a   0x0000015a   0x00000002   Code   RO         1449    .ARM.Collect$$libinit$$00000000  c_w.l(libinit.o)
    0x0000015c   0x0000015c   0x00000000   Code   RO         1460    .ARM.Collect$$libinit$$00000002  c_w.l(libinit2.o)
    0x0000015c   0x0000015c   0x00000000   Code   RO         1462    .ARM.Collect$$libinit$$00000004  c_w.l(libinit2.o)
    0x0000015c   0x0000015c   0x00000000   Code   RO         1465    .ARM.Collect$$libinit$$0000000A  c_w.l(libinit2.o)
    0x0000015c   0x0000015c   0x00000000   Code   RO         1467    .ARM.Collect$$libinit$$0000000C  c_w.l(libinit2.o)
    0x0000015c   0x0000015c   0x00000000   Code   RO         1469    .ARM.Collect$$libinit$$0000000E  c_w.l(libinit2.o)
    0x0000015c   0x0000015c   0x00000000   Code   RO         1472    .ARM.Collect$$libinit$$00000011  c_w.l(libinit2.o)
    0x0000015c   0x0000015c   0x00000000   Code   RO         1474    .ARM.Collect$$libinit$$00000013  c_w.l(libinit2.o)
    0x0000015c   0x0000015c   0x00000000   Code   RO         1476    .ARM.Collect$$libinit$$00000015  c_w.l(libinit2.o)
    0x0000015c   0x0000015c   0x00000000   Code   RO         1478    .ARM.Collect$$libinit$$00000017  c_w.l(libinit2.o)
    0x0000015c   0x0000015c   0x00000000   Code   RO         1480    .ARM.Collect$$libinit$$00000019  c_w.l(libinit2.o)
    0x0000015c   0x0000015c   0x00000000   Code   RO         1482    .ARM.Collect$$libinit$$0000001B  c_w.l(libinit2.o)
    0x0000015c   0x0000015c   0x00000000   Code   RO         1484    .ARM.Collect$$libinit$$0000001D  c_w.l(libinit2.o)
    0x0000015c   0x0000015c   0x00000000   Code   RO         1486    .ARM.Collect$$libinit$$0000001F  c_w.l(libinit2.o)
    0x0000015c   0x0000015c   0x00000000   Code   RO         1488    .ARM.Collect$$libinit$$00000021  c_w.l(libinit2.o)
    0x0000015c   0x0000015c   0x00000000   Code   RO         1490    .ARM.Collect$$libinit$$00000023  c_w.l(libinit2.o)
    0x0000015c   0x0000015c   0x00000000   Code   RO         1492    .ARM.Collect$$libinit$$00000025  c_w.l(libinit2.o)
    0x0000015c   0x0000015c   0x00000000   Code   RO         1496    .ARM.Collect$$libinit$$0000002C  c_w.l(libinit2.o)
    0x0000015c   0x0000015c   0x00000000   Code   RO         1498    .ARM.Collect$$libinit$$0000002E  c_w.l(libinit2.o)
    0x0000015c   0x0000015c   0x00000000   Code   RO         1500    .ARM.Collect$$libinit$$00000030  c_w.l(libinit2.o)
    0x0000015c   0x0000015c   0x00000000   Code   RO         1502    .ARM.Collect$$libinit$$00000032  c_w.l(libinit2.o)
    0x0000015c   0x0000015c   0x00000002   Code   RO         1503    .ARM.Collect$$libinit$$00000033  c_w.l(libinit2.o)
    0x0000015e   0x0000015e   0x00000002   Code   RO         1531    .ARM.Collect$$libshutdown$$00000000  c_w.l(libshutdown.o)
    0x00000160   0x00000160   0x00000000   Code   RO         1543    .ARM.Collect$$libshutdown$$00000002  c_w.l(libshutdown2.o)
    0x00000160   0x00000160   0x00000000   Code   RO         1545    .ARM.Collect$$libshutdown$$00000004  c_w.l(libshutdown2.o)
    0x00000160   0x00000160   0x00000000   Code   RO         1547    .ARM.Collect$$libshutdown$$00000006  c_w.l(libshutdown2.o)
    0x00000160   0x00000160   0x00000000   Code   RO         1550    .ARM.Collect$$libshutdown$$00000009  c_w.l(libshutdown2.o)
    0x00000160   0x00000160   0x00000000   Code   RO         1553    .ARM.Collect$$libshutdown$$0000000C  c_w.l(libshutdown2.o)
    0x00000160   0x00000160   0x00000000   Code   RO         1555    .ARM.Collect$$libshutdown$$0000000E  c_w.l(libshutdown2.o)
    0x00000160   0x00000160   0x00000000   Code   RO         1558    .ARM.Collect$$libshutdown$$00000011  c_w.l(libshutdown2.o)
    0x00000160   0x00000160   0x00000002   Code   RO         1559    .ARM.Collect$$libshutdown$$00000012  c_w.l(libshutdown2.o)
    0x00000162   0x00000162   0x00000000   Code   RO         1398    .ARM.Collect$$rtentry$$00000000  c_w.l(__rtentry.o)
    0x00000162   0x00000162   0x00000000   Code   RO         1412    .ARM.Collect$$rtentry$$00000002  c_w.l(__rtentry2.o)
    0x00000162   0x00000162   0x00000006   Code   RO         1424    .ARM.Collect$$rtentry$$00000004  c_w.l(__rtentry4.o)
    0x00000168   0x00000168   0x00000000   Code   RO         1414    .ARM.Collect$$rtentry$$00000009  c_w.l(__rtentry2.o)
    0x00000168   0x00000168   0x00000004   Code   RO         1415    .ARM.Collect$$rtentry$$0000000A  c_w.l(__rtentry2.o)
    0x0000016c   0x0000016c   0x00000000   Code   RO         1417    .ARM.Collect$$rtentry$$0000000C  c_w.l(__rtentry2.o)
    0x0000016c   0x0000016c   0x00000008   Code   RO         1418    .ARM.Collect$$rtentry$$0000000D  c_w.l(__rtentry2.o)
    0x00000174   0x00000174   0x00000002   Code   RO         1453    .ARM.Collect$$rtexit$$00000000  c_w.l(rtexit.o)
    0x00000176   0x00000176   0x00000000   Code   RO         1505    .ARM.Collect$$rtexit$$00000002  c_w.l(rtexit2.o)
    0x00000176   0x00000176   0x00000004   Code   RO         1506    .ARM.Collect$$rtexit$$00000003  c_w.l(rtexit2.o)
    0x0000017a   0x0000017a   0x00000006   Code   RO         1507    .ARM.Collect$$rtexit$$00000004  c_w.l(rtexit2.o)
    0x00000180   0x00000180   0x00000040   Code   RO           20    .text               startup_gw1ns4c.o
    0x000001c0   0x000001c0   0x00000002   Code   RO         1351    .text               c_w.l(use_no_semi.o)
    0x000001c2   0x000001c2   0x00000048   Code   RO         1353    .text               c_w.l(llsdiv.o)
    0x0000020a   0x0000020a   0x00000002   PAD
    0x0000020c   0x0000020c   0x00000018   Code   RO         1357    .text               c_w.l(noretval__2printf.o)
    0x00000224   0x00000224   0x0000004e   Code   RO         1361    .text               c_w.l(_printf_pad.o)
    0x00000272   0x00000272   0x00000052   Code   RO         1363    .text               c_w.l(_printf_str.o)
    0x000002c4   0x000002c4   0x00000078   Code   RO         1365    .text               c_w.l(_printf_dec.o)
    0x0000033c   0x0000033c   0x0000007c   Code   RO         1367    .text               c_w.l(_printf_longlong_dec.o)
    0x000003b8   0x000003b8   0x00000160   Code   RO         1384    .text               c_w.l(__printf_ss_wp.o)
    0x00000518   0x00000518   0x00000006   Code   RO         1394    .text               c_w.l(heapauxi.o)
    0x0000051e   0x0000051e   0x000000ee   Code   RO         1399    .text               c_w.l(lludivv7m.o)
    0x0000060c   0x0000060c   0x0000008a   Code   RO         1401    .text               c_w.l(lludiv10.o)
    0x00000696   0x00000696   0x000000b2   Code   RO         1403    .text               c_w.l(_printf_intcommon.o)
    0x00000748   0x00000748   0x0000002c   Code   RO         1405    .text               c_w.l(_printf_char.o)
    0x00000774   0x00000774   0x00000024   Code   RO         1407    .text               c_w.l(_printf_char_file.o)
    0x00000798   0x00000798   0x00000030   Code   RO         1430    .text               c_w.l(_printf_char_common.o)
    0x000007c8   0x000007c8   0x00000008   Code   RO         1432    .text               c_w.l(ferror.o)
    0x000007d0   0x000007d0   0x0000004a   Code   RO         1436    .text               c_w.l(sys_stackheap_outer.o)
    0x0000081a   0x0000081a   0x00000012   Code   RO         1442    .text               c_w.l(exit.o)
    0x0000082c   0x0000082c   0x00000008   Code   RO         1450    .text               c_w.l(libspace.o)
    0x00000834   0x00000834   0x00000002   Code   RO          948    i.BusFault_Handler  gw1ns4c_it.o
    0x00000836   0x00000836   0x00000002   Code   RO          949    i.DebugMon_Handler  gw1ns4c_it.o
    0x00000838   0x00000838   0x00000028   Code   RO         1173    i.GPIOInit          main.o
    0x00000860   0x00000860   0x000000b4   Code   RO           91    i.GPIO_Init         gw1ns4c_gpio.o
    0x00000914   0x00000914   0x00000008   Code   RO           95    i.GPIO_ResetBit     gw1ns4c_gpio.o
    0x0000091c   0x0000091c   0x00000008   Code   RO           97    i.GPIO_SetBit       gw1ns4c_gpio.o
    0x00000924   0x00000924   0x00000002   Code   RO          950    i.HardFault_Handler  gw1ns4c_it.o
    0x00000926   0x00000926   0x00000002   Code   RO          951    i.I2C_Handler       gw1ns4c_it.o
    0x00000928   0x00000928   0x00000002   Code   RO          952    i.MemManage_Handler  gw1ns4c_it.o
    0x0000092a   0x0000092a   0x00000002   Code   RO          953    i.NMI_Handler       gw1ns4c_it.o
    0x0000092c   0x0000092c   0x00000002   Code   RO          954    i.PORT0_0_Handler   gw1ns4c_it.o
    0x0000092e   0x0000092e   0x00000002   Code   RO          955    i.PORT0_10_Handler  gw1ns4c_it.o
    0x00000930   0x00000930   0x00000002   Code   RO          956    i.PORT0_11_Handler  gw1ns4c_it.o
    0x00000932   0x00000932   0x00000002   Code   RO          957    i.PORT0_12_Handler  gw1ns4c_it.o
    0x00000934   0x00000934   0x00000002   Code   RO          958    i.PORT0_13_Handler  gw1ns4c_it.o
    0x00000936   0x00000936   0x00000002   Code   RO          959    i.PORT0_14_Handler  gw1ns4c_it.o
    0x00000938   0x00000938   0x00000002   Code   RO          960    i.PORT0_15_Handler  gw1ns4c_it.o
    0x0000093a   0x0000093a   0x00000002   Code   RO          961    i.PORT0_1_Handler   gw1ns4c_it.o
    0x0000093c   0x0000093c   0x00000002   Code   RO          962    i.PORT0_2_Handler   gw1ns4c_it.o
    0x0000093e   0x0000093e   0x00000002   Code   RO          963    i.PORT0_3_Handler   gw1ns4c_it.o
    0x00000940   0x00000940   0x00000002   Code   RO          964    i.PORT0_4_Handler   gw1ns4c_it.o
    0x00000942   0x00000942   0x00000002   Code   RO          965    i.PORT0_5_Handler   gw1ns4c_it.o
    0x00000944   0x00000944   0x00000002   Code   RO          966    i.PORT0_6_Handler   gw1ns4c_it.o
    0x00000946   0x00000946   0x00000002   Code   RO          967    i.PORT0_7_Handler   gw1ns4c_it.o
    0x00000948   0x00000948   0x00000002   Code   RO          968    i.PORT0_8_Handler   gw1ns4c_it.o
    0x0000094a   0x0000094a   0x00000002   Code   RO          969    i.PORT0_9_Handler   gw1ns4c_it.o
    0x0000094c   0x0000094c   0x00000002   Code   RO          970    i.PendSV_Handler    gw1ns4c_it.o
    0x0000094e   0x0000094e   0x00000002   Code   RO          971    i.RTC_Handler       gw1ns4c_it.o
    0x00000950   0x00000950   0x00000002   Code   RO          972    i.SVC_Handler       gw1ns4c_it.o
    0x00000952   0x00000952   0x0000000e   Code   RO          300    i.SysTick_CLKSourceConfig  gw1ns4c_misc.o
    0x00000960   0x00000960   0x0000002c   Code   RO         1270    i.SysTick_Handler   systick.o
    0x0000098c   0x0000098c   0x0000004c   Code   RO         1271    i.SysTick_init      systick.o
    0x000009d8   0x000009d8   0x00000018   Code   RO           24    i.SystemCoreClockUpdate  system_gw1ns4c.o
    0x000009f0   0x000009f0   0x00000018   Code   RO           25    i.SystemInit        system_gw1ns4c.o
    0x00000a08   0x00000a08   0x00000002   Code   RO          973    i.TIMER0_Handler    gw1ns4c_it.o
    0x00000a0a   0x00000a0a   0x00000002   Code   RO          974    i.TIMER1_Handler    gw1ns4c_it.o
    0x00000a0c   0x00000a0c   0x00000002   Code   RO          975    i.UART0_Handler     gw1ns4c_it.o
    0x00000a0e   0x00000a0e   0x00000002   Code   RO          976    i.UART1_Handler     gw1ns4c_it.o
    0x00000a10   0x00000a10   0x00000078   Code   RO          712    i.UART_Init         gw1ns4c_uart.o
    0x00000a88   0x00000a88   0x0000000a   Code   RO          714    i.UART_SendChar     gw1ns4c_uart.o
    0x00000a92   0x00000a92   0x00000002   Code   RO          977    i.USER_INT0_Handler  gw1ns4c_it.o
    0x00000a94   0x00000a94   0x00000002   Code   RO          978    i.USER_INT1_Handler  gw1ns4c_it.o
    0x00000a96   0x00000a96   0x00000002   Code   RO          979    i.USER_INT2_Handler  gw1ns4c_it.o
    0x00000a98   0x00000a98   0x00000002   Code   RO          980    i.USER_INT3_Handler  gw1ns4c_it.o
    0x00000a9a   0x00000a9a   0x00000002   Code   RO          981    i.USER_INT4_Handler  gw1ns4c_it.o
    0x00000a9c   0x00000a9c   0x00000002   Code   RO          982    i.USER_INT5_Handler  gw1ns4c_it.o
    0x00000a9e   0x00000a9e   0x00000034   Code   RO         1174    i.UartInit          main.o
    0x00000ad2   0x00000ad2   0x00000002   Code   RO          983    i.UsageFault_Handler  gw1ns4c_it.o
    0x00000ad4   0x00000ad4   0x0000000e   Code   RO         1379    i._is_digit         c_w.l(__printf_wp.o)
    0x00000ae2   0x00000ae2   0x00000002   Code   RO         1209    i._sys_exit         retarget.o
    0x00000ae4   0x00000ae4   0x00000024   Code   RO         1274    i.delay_us_last     systick.o
    0x00000b08   0x00000b08   0x0000001a   Code   RO         1212    i.fputc             retarget.o
    0x00000b22   0x00000b22   0x00000002   PAD
    0x00000b24   0x00000b24   0x00000054   Code   RO         1275    i.getRunTime        systick.o
    0x00000b78   0x00000b78   0x00000018   Code   RO         1277    i.getTime           systick.o
    0x00000b90   0x00000b90   0x00000014   Code   RO         1278    i.initTime          systick.o
    0x00000ba4   0x00000ba4   0x000000b4   Code   RO         1175    i.main              main.o
    0x00000c58   0x00000c58   0x00000558   Code   RO         1253    i.printBender       bender.o
    0x000011b0   0x000011b0   0x0000002c   Code   RO         1279    i.printTime         systick.o
    0x000011dc   0x000011dc   0x00000933   Data   RO         1254    .conststring        bender.o
    0x00001b0f   0x00001b0f   0x00000001   PAD
    0x00001b10   0x00001b10   0x00000020   Data   RO         1577    Region$$Table       anon$$obj.o


    Execution Region RW_IRAM1 (Exec base: 0x20000000, Load base: 0x00001b30, Size: 0x00000698, Max: 0x00001000, ABSOLUTE)

    Exec Addr    Load Addr    Size         Type   Attr      Idx    E Section Name        Object

    0x20000000   0x00001b30   0x00000010   Data   RW           26    .data               system_gw1ns4c.o
    0x20000010   0x00001b40   0x00000004   Data   RW         1213    .data               retarget.o
    0x20000014   0x00001b44   0x00000004   PAD
    0x20000018   0x00001b48   0x00000020   Data   RW         1280    .data               systick.o
    0x20000038        -       0x00000060   Zero   RW         1451    .bss                c_w.l(libspace.o)
    0x20000098        -       0x00000200   Zero   RW           18    HEAP                startup_gw1ns4c.o
    0x20000298        -       0x00000400   Zero   RW           17    STACK               startup_gw1ns4c.o


==============================================================================

Image component sizes


      Code (inc. data)   RO Data    RW Data    ZI Data      Debug   Object Name

      1368        922       2355          0          0        638   bender.o
         0          0          0          0          0       4532   core_cm3.o
       196          0          0          0          0       2410   gw1ns4c_gpio.o
        72          0          0          0          0      15448   gw1ns4c_it.o
        14          0          0          0          0        510   gw1ns4c_misc.o
       130          4          0          0          0       1816   gw1ns4c_uart.o
       272         96          0          0          0       1993   main.o
        28          0          0          4          0       2862   retarget.o
        64         26        192          0       1536        852   startup_gw1ns4c.o
        48         20          0         16          0      11016   system_gw1ns4c.o
       328         64          0         32          0      21319   systick.o

    ----------------------------------------------------------------------
      2522       1132       2580         56       1536      63396   Object Totals
         0          0         32          0          0          0   (incl. Generated)
         2          0          1          4          0          0   (incl. Padding)

    ----------------------------------------------------------------------

      Code (inc. data)   RO Data    RW Data    ZI Data      Debug   Library Member Name

         8          0          0          0          0         68   __main.o
       352          0          0          0          0         88   __printf_ss_wp.o
        14          0          0          0          0         68   __printf_wp.o
         0          0          0          0          0          0   __rtentry.o
        12          0          0          0          0          0   __rtentry2.o
         6          0          0          0          0          0   __rtentry4.o
        52          8          0          0          0          0   __scatter.o
        26          0          0          0          0          0   __scatter_copy.o
        28          0          0          0          0          0   __scatter_zi.o
         6          0          0          0          0          0   _printf_c.o
        44          0          0          0          0        108   _printf_char.o
        48          6          0          0          0         96   _printf_char_common.o
        36          4          0          0          0         80   _printf_char_file.o
         6          0          0          0          0          0   _printf_d.o
       120         16          0          0          0         92   _printf_dec.o
       178          0          0          0          0         88   _printf_intcommon.o
        10          0          0          0          0          0   _printf_ll.o
         6          0          0          0          0          0   _printf_lld.o
       124         16          0          0          0         92   _printf_longlong_dec.o
        78          0          0          0          0        108   _printf_pad.o
         0          0          0          0          0          0   _printf_percent.o
         4          0          0          0          0          0   _printf_percent_end.o
         6          0          0          0          0          0   _printf_s.o
        82          0          0          0          0         80   _printf_str.o
        18          0          0          0          0         80   exit.o
         8          0          0          0          0         68   ferror.o
         6          0          0          0          0        152   heapauxi.o
         2          0          0          0          0          0   libinit.o
         2          0          0          0          0          0   libinit2.o
         2          0          0          0          0          0   libshutdown.o
         2          0          0          0          0          0   libshutdown2.o
         8          4          0          0         96         68   libspace.o
        72          0          0          0          0         76   llsdiv.o
       138          0          0          0          0         80   lludiv10.o
       238          0          0          0          0        100   lludivv7m.o
        24          4          0          0          0         84   noretval__2printf.o
         2          0          0          0          0          0   rtexit.o
        10          0          0          0          0          0   rtexit2.o
        74          0          0          0          0         80   sys_stackheap_outer.o
         2          0          0          0          0         68   use_no_semi.o

    ----------------------------------------------------------------------
      1858         58          0          0         96       1824   Library Totals
         4          0          0          0          0          0   (incl. Padding)

    ----------------------------------------------------------------------

      Code (inc. data)   RO Data    RW Data    ZI Data      Debug   Library Name

      1854         58          0          0         96       1824   c_w.l

    ----------------------------------------------------------------------
      1858         58          0          0         96       1824   Library Totals

    ----------------------------------------------------------------------

==============================================================================


      Code (inc. data)   RO Data    RW Data    ZI Data      Debug   

      4380       1190       2580         56       1632      61628   Grand Totals
      4380       1190       2580         56       1632      61628   ELF Image Totals
      4380       1190       2580         56          0          0   ROM Totals

==============================================================================

    Total RO  Size (Code + RO Data)                 6960 (   6.80kB)
    Total RW  Size (RW Data + ZI Data)              1688 (   1.65kB)
    Total ROM Size (Code + RO Data + RW Data)       7016 (   6.85kB)

==============================================================================

